Archive member included to satisfy reference by file (symbol)

NuttX/nuttx/arch/arm/src/libarch.a(arm_vectors.o)
                              (_vectors)
NuttX/nuttx/arch/arm/src/libarch.a(arm_exception.o)
                              NuttX/nuttx/arch/arm/src/libarch.a(arm_vectors.o) (exception_common)
NuttX/nuttx/arch/arm/src/libarch.a(stm32_start.o)
                              NuttX/nuttx/arch/arm/src/libarch.a(arm_vectors.o) (__start)
NuttX/nuttx/arch/arm/src/libarch.a(stm32_rcc.o)
                              NuttX/nuttx/arch/arm/src/libarch.a(stm32_start.o) (stm32_clockconfig)
NuttX/nuttx/arch/arm/src/libarch.a(stm32_lowputc.o)
                              NuttX/nuttx/arch/arm/src/libarch.a(stm32_start.o) (stm32_lowsetup)
NuttX/nuttx/arch/arm/src/libarch.a(stm32_pwr.o)
                              NuttX/nuttx/arch/arm/src/libarch.a(stm32_rcc.o) (stm32_pwr_initbkp)
NuttX/nuttx/arch/arm/src/libarch.a(arm_doirq.o)
                              NuttX/nuttx/arch/arm/src/libarch.a(arm_exception.o) (arm_doirq)
NuttX/nuttx/arch/arm/src/libarch.a(arm_modifyreg32.o)
                              NuttX/nuttx/arch/arm/src/libarch.a(stm32_pwr.o) (modifyreg32)
NuttX/nuttx/arch/arm/src/libarch.a(arm_udelay.o)
                              NuttX/nuttx/arch/arm/src/libarch.a(stm32_pwr.o) (up_udelay)
NuttX/nuttx/arch/arm/src/libarch.a(arm_cache.o)
                              NuttX/nuttx/arch/arm/src/libarch.a(stm32_start.o) (up_enable_icache)
NuttX/nuttx/arch/arm/src/libarch.a(stm32_irq.o)
                              NuttX/nuttx/arch/arm/src/libarch.a(arm_doirq.o) (arm_ack_irq)
NuttX/nuttx/arch/arm/src/libarch.a(arm_hardfault.o)
                              NuttX/nuttx/arch/arm/src/libarch.a(stm32_irq.o) (arm_hardfault)
NuttX/nuttx/arch/arm/src/libarch.a(arm_svcall.o)
                              NuttX/nuttx/arch/arm/src/libarch.a(stm32_irq.o) (arm_svcall)
NuttX/nuttx/libs/libc/libc.a(arch_memcpy.o)
                              NuttX/nuttx/arch/arm/src/libarch.a(arm_svcall.o) (memcpy)
NuttX/nuttx/libs/libc/libc.a(lib_assert.o)
                              NuttX/nuttx/arch/arm/src/libarch.a(arm_hardfault.o) (_assert)
NuttX/nuttx/libs/libc/libc.a(lib_abort.o)
                              (abort)
boards/hkust/nxt/src/libdrivers_board.a(bootloader_main.c.obj)
                              NuttX/nuttx/arch/arm/src/libarch.a(stm32_start.o) (stm32_boardinitialize)
boards/hkust/nxt/src/libdrivers_board.a(usb.c.obj)
                              boards/hkust/nxt/src/libdrivers_board.a(bootloader_main.c.obj) (stm32_usbinitialize)
NuttX/nuttx/sched/libsched.a(nx_start.o)
                              NuttX/nuttx/arch/arm/src/libarch.a(stm32_start.o) (nx_start)
NuttX/nuttx/sched/libsched.a(nx_bringup.o)
                              NuttX/nuttx/sched/libsched.a(nx_start.o) (nx_bringup)
NuttX/nuttx/sched/libsched.a(irq_attach.o)
                              NuttX/nuttx/arch/arm/src/libarch.a(stm32_irq.o) (irq_attach)
NuttX/nuttx/sched/libsched.a(irq_dispatch.o)
                              NuttX/nuttx/arch/arm/src/libarch.a(arm_doirq.o) (irq_dispatch)
NuttX/nuttx/sched/libsched.a(irq_unexpectedisr.o)
                              NuttX/nuttx/sched/libsched.a(irq_attach.o) (irq_unexpected_isr)
NuttX/nuttx/sched/libsched.a(sched_lock.o)
                              NuttX/nuttx/sched/libsched.a(nx_start.o) (sched_lock)
NuttX/nuttx/sched/libsched.a(sched_unlock.o)
                              NuttX/nuttx/sched/libsched.a(nx_start.o) (sched_unlock)
NuttX/nuttx/sched/libsched.a(task_create.o)
                              NuttX/nuttx/sched/libsched.a(nx_bringup.o) (nxtask_create)
NuttX/nuttx/sched/libsched.a(task_init.o)
                              NuttX/nuttx/sched/libsched.a(task_create.o) (nxtask_init)
NuttX/nuttx/sched/libsched.a(task_setup.o)
                              NuttX/nuttx/sched/libsched.a(task_init.o) (nxtask_setup_scheduler)
NuttX/nuttx/sched/libsched.a(task_activate.o)
                              NuttX/nuttx/sched/libsched.a(task_create.o) (nxtask_activate)
NuttX/nuttx/sched/libsched.a(task_start.o)
                              NuttX/nuttx/sched/libsched.a(task_init.o) (nxtask_start)
NuttX/nuttx/sched/libsched.a(exit.o)
                              NuttX/nuttx/libs/libc/libc.a(lib_assert.o) (exit)
NuttX/nuttx/sched/libsched.a(group_create.o)
                              NuttX/nuttx/sched/libsched.a(nx_start.o) (group_allocate)
NuttX/nuttx/sched/libsched.a(group_leave.o)
                              NuttX/nuttx/sched/libsched.a(task_init.o) (group_leave)
NuttX/nuttx/sched/libsched.a(group_setupidlefiles.o)
                              NuttX/nuttx/sched/libsched.a(nx_start.o) (group_setupidlefiles)
NuttX/nuttx/sched/libsched.a(group_setuptaskfiles.o)
                              NuttX/nuttx/sched/libsched.a(task_init.o) (group_setuptaskfiles)
NuttX/nuttx/sched/libsched.a(irq_initialize.o)
                              NuttX/nuttx/sched/libsched.a(irq_attach.o) (g_irqvector)
[...]
Memory Configuration

Name             Origin             Length             Attributes
itcm             0x0000000000000000 0x0000000000010000 xrw
flash            0x0000000008000000 0x0000000000020000 xr
dtcm1            0x0000000020000000 0x0000000000010000 xrw
dtcm2            0x0000000020010000 0x0000000000010000 xrw
sram             0x0000000024000000 0x0000000000080000 xrw
sram1            0x0000000030000000 0x0000000000020000 xrw
sram2            0x0000000030020000 0x0000000000020000 xrw
sram3            0x0000000030040000 0x0000000000008000 xrw
sram4            0x0000000038000000 0x0000000000010000 xrw
bbram            0x0000000038800000 0x0000000000001000 xrw
*default*        0x0000000000000000 0xffffffffffffffff

Linker script and memory map

LOAD platforms/nuttx/CMakeFiles/px4.dir/__/common/empty.c.obj

.text           0x0000000008000000     0xa6ac
                0x0000000008000000                _stext = ABSOLUTE (.)
 *(.vectors)
 .vectors       0x0000000008000000      0x298 NuttX/nuttx/arch/arm/src/libarch.a(arm_vectors.o)
                0x0000000008000000                _vectors
                0x00000000080002a0                . = ALIGN (0x20)
 *fill*         0x0000000008000298        0x8 
                0x00000000080002a0                _bootdelay_signature = ABSOLUTE (.)
 FILL mask 0xffecc2925d7d05c5
                0x00000000080002a8                . = (. + 0x8)
 *fill*         0x00000000080002a0        0x8 ffecc2925d7d05c5
 *(.text .text.*)
 .text          0x00000000080002a8       0x7c NuttX/nuttx/arch/arm/src/libarch.a(arm_exception.o)
                0x00000000080002a8                exception_common
 .text.__start  0x0000000008000324       0x9c NuttX/nuttx/arch/arm/src/libarch.a(stm32_start.o)
                0x0000000008000324                __start
 .text.stm32_stdclockconfig
                0x00000000080003c0      0x1ac NuttX/nuttx/arch/arm/src/libarch.a(stm32_rcc.o)
                0x00000000080003c0                stm32_stdclockconfig
 .text.stm32_clockconfig
                0x000000000800056c       0xac NuttX/nuttx/arch/arm/src/libarch.a(stm32_rcc.o)
                0x000000000800056c                stm32_clockconfig
 .text.stm32_lowsetup
                0x0000000008000618        0x2 NuttX/nuttx/arch/arm/src/libarch.a(stm32_lowputc.o)
                0x0000000008000618                stm32_lowsetup
 *fill*         0x000000000800061a        0x2 ffecc2925d7d05c5
 .text.stm32_pwr_enablebkp
                0x000000000800061c       0x7c NuttX/nuttx/arch/arm/src/libarch.a(stm32_pwr.o)
                0x000000000800061c                stm32_pwr_enablebkp
 .text.stm32_pwr_initbkp
                0x0000000008000698       0x38 NuttX/nuttx/arch/arm/src/libarch.a(stm32_pwr.o)
                0x0000000008000698                stm32_pwr_initbkp
 .text.arm_doirq
                0x00000000080006d0       0x24 NuttX/nuttx/arch/arm/src/libarch.a(arm_doirq.o)
                0x00000000080006d0                arm_doirq
 .text.modifyreg32
                0x00000000080006f4       0x2a NuttX/nuttx/arch/arm/src/libarch.a(arm_modifyreg32.o)
                0x00000000080006f4                modifyreg32
 *fill*         0x000000000800071e        0x2 ffecc2925d7d05c5
 .text.up_udelay
                0x0000000008000720       0x7c NuttX/nuttx/arch/arm/src/libarch.a(arm_udelay.o)
                0x0000000008000720                up_udelay
 .text.up_enable_icache
                0x000000000800079c       0x2c NuttX/nuttx/arch/arm/src/libarch.a(arm_cache.o)
                0x000000000800079c                up_enable_icache
 .text.stm32_irqinfo
                0x00000000080007c8       0xb4 NuttX/nuttx/arch/arm/src/libarch.a(stm32_irq.o)
 .text.up_irqinitialize
                0x000000000800087c       0x9c NuttX/nuttx/arch/arm/src/libarch.a(stm32_irq.o)
                0x000000000800087c                up_irqinitialize
 .text.up_disable_irq
                0x0000000008000918       0x28 NuttX/nuttx/arch/arm/src/libarch.a(stm32_irq.o)
                0x0000000008000918                up_disable_irq
 .text.up_enable_irq
                0x0000000008000940       0x26 NuttX/nuttx/arch/arm/src/libarch.a(stm32_irq.o)
                0x0000000008000940                up_enable_irq
 .text.arm_ack_irq
                0x0000000008000966        0x2 NuttX/nuttx/arch/arm/src/libarch.a(stm32_irq.o)
                0x0000000008000966                arm_ack_irq
 .text.arm_hardfault
                0x0000000008000968       0x24 NuttX/nuttx/arch/arm/src/libarch.a(arm_hardfault.o)
                0x0000000008000968                arm_hardfault
 .text.arm_svcall
                0x000000000800098c       0x34 NuttX/nuttx/arch/arm/src/libarch.a(arm_svcall.o)
                0x000000000800098c                arm_svcall
 .text          0x00000000080009c0      0x230 NuttX/nuttx/libs/libc/libc.a(arch_memcpy.o)
                0x00000000080009e0                memcpy
 .text._assert  0x0000000008000bf0        0xc NuttX/nuttx/libs/libc/libc.a(lib_assert.o)
                0x0000000008000bf0                _assert
 .text.unlikely.abort
                0x0000000008000bfc        0x8 NuttX/nuttx/libs/libc/libc.a(lib_abort.o)
                0x0000000008000bfc                abort
 .text.board_on_reset
                0x0000000008000c04        0x2 boards/hkust/nxt/src/libdrivers_board.a(bootloader_main.c.obj)
                0x0000000008000c04                board_on_reset
 .text.stm32_boardinitialize
                0x0000000008000c06        0x4 boards/hkust/nxt/src/libdrivers_board.a(bootloader_main.c.obj)
                0x0000000008000c06                stm32_boardinitialize
 .text.board_app_initialize
                0x0000000008000c0a        0x4 boards/hkust/nxt/src/libdrivers_board.a(bootloader_main.c.obj)
                0x0000000008000c0a                board_app_initialize
 .text.board_late_initialize
                0x0000000008000c0e        0x8 boards/hkust/nxt/src/libdrivers_board.a(bootloader_main.c.obj)
                0x0000000008000c0e                board_late_initialize
 .text.board_timerhook
                0x0000000008000c16        0x4 boards/hkust/nxt/src/libdrivers_board.a(bootloader_main.c.obj)
                0x0000000008000c16                board_timerhook
 *fill*         0x0000000008000c1a        0x2 ffecc2925d7d05c5
 .text.stm32_usbinitialize
                0x0000000008000c1c        0xc boards/hkust/nxt/src/libdrivers_board.a(usb.c.obj)
                0x0000000008000c1c                stm32_usbinitialize
 .text.stm32_usbsuspend
                0x0000000008000c28        0x2 boards/hkust/nxt/src/libdrivers_board.a(usb.c.obj)
                0x0000000008000c28                stm32_usbsuspend
 *fill*         0x0000000008000c2a        0x2 ffecc2925d7d05c5
 .text.nx_start
                0x0000000008000c2c      0x19c NuttX/nuttx/sched/libsched.a(nx_start.o)
                0x0000000008000c2c                nx_start
 .text.nx_start_task
                0x0000000008000dc8       0x28 NuttX/nuttx/sched/libsched.a(nx_bringup.o)
 .text.nx_bringup
                0x0000000008000df0       0x24 NuttX/nuttx/sched/libsched.a(nx_bringup.o)
                0x0000000008000df0                nx_bringup
 .text.irq_attach
                0x0000000008000e14       0x50 NuttX/nuttx/sched/libsched.a(irq_attach.o)
                0x0000000008000e14                irq_attach
 .text.irq_dispatch
                0x0000000008000e64       0x3c NuttX/nuttx/sched/libsched.a(irq_dispatch.o)
                0x0000000008000e64                irq_dispatch
 .text.irq_unexpected_isr
                0x0000000008000ea0       0x24 NuttX/nuttx/sched/libsched.a(irq_unexpectedisr.o)
                0x0000000008000ea0                irq_unexpected_isr
 .text.sched_lock
                0x0000000008000ec4       0x1c NuttX/nuttx/sched/libsched.a(sched_lock.o)
                0x0000000008000ec4                sched_lock
 .text.sched_unlock
                0x0000000008000ee0       0x5c NuttX/nuttx/sched/libsched.a(sched_unlock.o)
                0x0000000008000ee0                sched_unlock
 .text.nxthread_create
                0x0000000008000f3c       0x52 NuttX/nuttx/sched/libsched.a(task_create.o)
 .text.nxtask_create
                0x0000000008000f8e       0x18 NuttX/nuttx/sched/libsched.a(task_create.o)
                0x0000000008000f8e                nxtask_create
 .text.kthread_create_with_stack
                0x0000000008000fa6       0x1a NuttX/nuttx/sched/libsched.a(task_create.o)
                0x0000000008000fa6                kthread_create_with_stack
 .text.kthread_create
                0x0000000008000fc0       0x14 NuttX/nuttx/sched/libsched.a(task_create.o)
                0x0000000008000fc0                kthread_create
 .text.nxtask_init
                0x0000000008000fd4       0xb8 NuttX/nuttx/sched/libsched.a(task_init.o)
                0x0000000008000fd4                nxtask_init
 .text.nxtask_setup_scheduler
                0x000000000800108c      0x168 NuttX/nuttx/sched/libsched.a(task_setup.o)
                0x000000000800108c                nxtask_setup_scheduler
 .text.nxtask_setup_arguments
                0x00000000080011f4       0xd8 NuttX/nuttx/sched/libsched.a(task_setup.o)
                0x00000000080011f4                nxtask_setup_arguments
 .text.nxtask_activate
                0x00000000080012cc       0x24 NuttX/nuttx/sched/libsched.a(task_activate.o)
                0x00000000080012cc                nxtask_activate
 .text.nxtask_start
                0x00000000080012f0       0x48 NuttX/nuttx/sched/libsched.a(task_start.o)
                0x00000000080012f0                nxtask_start
 .text.exit     0x0000000008001338       0x1c NuttX/nuttx/sched/libsched.a(exit.o)
                0x0000000008001338                exit
 .text.group_deallocate
                0x0000000008001354       0x20 NuttX/nuttx/sched/libsched.a(group_create.o)
                0x0000000008001354                group_deallocate
 .text.group_allocate
                0x0000000008001374       0x34 NuttX/nuttx/sched/libsched.a(group_create.o)
                0x0000000008001374                group_allocate
 .text.group_initialize
                0x00000000080013a8       0x10 NuttX/nuttx/sched/libsched.a(group_create.o)
                0x00000000080013a8                group_initialize
 .text.group_leave
                0x00000000080013b8       0x34 NuttX/nuttx/sched/libsched.a(group_leave.o)
                0x00000000080013b8                group_leave
 .text.group_setupidlefiles
                0x00000000080013ec       0x16 NuttX/nuttx/sched/libsched.a(group_setupidlefiles.o)
                0x00000000080013ec                group_setupidlefiles
 .text.group_setuptaskfiles
                0x0000000008001402       0x16 NuttX/nuttx/sched/libsched.a(group_setuptaskfiles.o)
                0x0000000008001402                group_setuptaskfiles
 .text.irq_initialize
                0x0000000008001418       0x24 NuttX/nuttx/sched/libsched.a(irq_initialize.o)
                0x0000000008001418                irq_initialize
 .text.nxsched_release_tcb
                0x000000000800143c       0x68 NuttX/nuttx/sched/libsched.a(sched_releasetcb.o)
                0x000000000800143c                nxsched_release_tcb
 .text.nxsem_destroy
                0x00000000080014a4       0x16 NuttX/nuttx/sched/libsched.a(sem_destroy.o)
                0x00000000080014a4                nxsem_destroy
 .text.sem_destroy
                0x00000000080014ba       0x1a NuttX/nuttx/sched/libsched.a(sem_destroy.o)
                0x00000000080014ba                sem_destroy
 .text.nxsig_procmask
                0x00000000080014d4       0x70 NuttX/nuttx/sched/libsched.a(sig_procmask.o)
                0x00000000080014d4                nxsig_procmask
 .text.nxsig_unmask_pendingsignal
                0x0000000008001544       0x68 NuttX/nuttx/sched/libsched.a(sig_unmaskpendingsignal.o)
                0x0000000008001544                nxsig_unmask_pendingsignal
 .text.nxsig_remove_pendingsignal
                0x00000000080015ac       0x48 NuttX/nuttx/sched/libsched.a(sig_removependingsignal.o)
                0x00000000080015ac                nxsig_remove_pendingsignal
 .text.nxsig_release_pendingsignal
                0x00000000080015f4       0x5c NuttX/nuttx/sched/libsched.a(sig_releasependingsignal.o)
                0x00000000080015f4                nxsig_release_pendingsignal
 .text.nxsig_lowest
                0x0000000008001650       0x1e NuttX/nuttx/sched/libsched.a(sig_lowest.o)
                0x0000000008001650                nxsig_lowest
 .text.nxsig_cleanup
                0x000000000800166e       0x32 NuttX/nuttx/sched/libsched.a(sig_cleanup.o)
                0x000000000800166e                nxsig_cleanup
 .text.nxsig_release
                0x00000000080016a0       0x28 NuttX/nuttx/sched/libsched.a(sig_cleanup.o)
                0x00000000080016a0                nxsig_release
 .text.nxsig_tcbdispatch
                0x00000000080016c8      0x200 NuttX/nuttx/sched/libsched.a(sig_dispatch.o)
                0x00000000080016c8                nxsig_tcbdispatch
 .text.nxsig_dispatch
                0x00000000080018c8       0x20 NuttX/nuttx/sched/libsched.a(sig_dispatch.o)
                0x00000000080018c8                nxsig_dispatch
 .text.nxsig_deliver
                0x00000000080018e8       0xc6 NuttX/nuttx/sched/libsched.a(sig_deliver.o)
                0x00000000080018e8                nxsig_deliver
 .text.nxsig_null_action
                0x00000000080019ae        0x2 NuttX/nuttx/sched/libsched.a(sig_default.o)
 .text.nxsig_stop_task
                0x00000000080019b0       0x1c NuttX/nuttx/sched/libsched.a(sig_default.o)
 .text.nxsig_abnormal_termination
                0x00000000080019cc       0x18 NuttX/nuttx/sched/libsched.a(sig_default.o)
 .text.nxsig_isdefault
                0x00000000080019e4       0x14 NuttX/nuttx/sched/libsched.a(sig_default.o)
                0x00000000080019e4                nxsig_isdefault
 .text.nxsig_iscatchable
                0x00000000080019f8       0x28 NuttX/nuttx/sched/libsched.a(sig_default.o)
                0x00000000080019f8                nxsig_iscatchable
 .text.nxsig_default
                0x0000000008001a20       0x78 NuttX/nuttx/sched/libsched.a(sig_default.o)
                0x0000000008001a20                nxsig_default
 .text.nxsig_default_initialize
                0x0000000008001a98       0x50 NuttX/nuttx/sched/libsched.a(sig_default.o)
                0x0000000008001a98                nxsig_default_initialize
 .text.nxtask_exithook
                0x0000000008001ae8       0x38 NuttX/nuttx/sched/libsched.a(task_exithook.o)
                0x0000000008001ae8                nxtask_exithook
 .text.nxtask_recover
                0x0000000008001b20       0x12 NuttX/nuttx/sched/libsched.a(task_recover.o)
                0x0000000008001b20                nxtask_recover
 .text.nxnotify_cancellation
                0x0000000008001b32       0x36 NuttX/nuttx/sched/libsched.a(task_cancelpt.o)
                0x0000000008001b32                nxnotify_cancellation
 .text.wd_recover
                0x0000000008001b68        0x6 NuttX/nuttx/sched/libsched.a(wd_recover.o)
                0x0000000008001b68                wd_recover
 .text.group_setupstreams
                0x0000000008001b6e       0x38 NuttX/nuttx/sched/libsched.a(group_setupstreams.o)
                0x0000000008001b6e                group_setupstreams
 *fill*         0x0000000008001ba6        0x2 ffecc2925d7d05c5
 .text.nxsched_get_tcb
                0x0000000008001ba8       0x50 NuttX/nuttx/sched/libsched.a(sched_gettcb.o)
                0x0000000008001ba8                nxsched_get_tcb
 .text.nxsched_suspend
                0x0000000008001bf8       0x42 NuttX/nuttx/sched/libsched.a(sched_suspend.o)
                0x0000000008001bf8                nxsched_suspend
 .text.nxsched_continue
                0x0000000008001c3a       0x24 NuttX/nuttx/sched/libsched.a(sched_continue.o)
                0x0000000008001c3a                nxsched_continue
 .text.nxsem_recover
                0x0000000008001c5e       0x32 NuttX/nuttx/sched/libsched.a(sem_recover.o)
                0x0000000008001c5e                nxsem_recover
 .text.nxsem_wait_irq
                0x0000000008001c90       0x3a NuttX/nuttx/sched/libsched.a(sem_waitirq.o)
                0x0000000008001c90                nxsem_wait_irq
 *fill*         0x0000000008001cca        0x2 ffecc2925d7d05c5
 .text.nxsig_initialize
                0x0000000008001ccc       0xbc NuttX/nuttx/sched/libsched.a(sig_initialize.o)
                0x0000000008001ccc                nxsig_initialize
 .text.nxsig_alloc_actionblock
                0x0000000008001d88       0x28 NuttX/nuttx/sched/libsched.a(sig_initialize.o)
                0x0000000008001d88                nxsig_alloc_actionblock
 .text.nxsig_release_action
                0x0000000008001db0        0xc NuttX/nuttx/sched/libsched.a(sig_action.o)
                0x0000000008001db0                nxsig_release_action
 .text.nxsig_action
                0x0000000008001dbc       0xec NuttX/nuttx/sched/libsched.a(sig_action.o)
                0x0000000008001dbc                nxsig_action
 .text.nxsig_pendingset
                0x0000000008001ea8       0x38 NuttX/nuttx/sched/libsched.a(sig_pending.o)
                0x0000000008001ea8                nxsig_pendingset
 .text.nxsig_find_action
                0x0000000008001ee0       0x22 NuttX/nuttx/sched/libsched.a(sig_findaction.o)
                0x0000000008001ee0                nxsig_find_action
 *fill*         0x0000000008001f02        0x2 ffecc2925d7d05c5
 .text.nxsig_alloc_pendingsigaction
                0x0000000008001f04       0x54 NuttX/nuttx/sched/libsched.a(sig_allocpendingsigaction.o)
                0x0000000008001f04                nxsig_alloc_pendingsigaction
 .text.nxsig_release_pendingsigaction
                0x0000000008001f58       0x5c NuttX/nuttx/sched/libsched.a(sig_releasependingsigaction.o)
                0x0000000008001f58                nxsig_release_pendingsigaction
 .text.wd_cancel
                0x0000000008001fb4       0x68 NuttX/nuttx/sched/libsched.a(wd_cancel.o)
                0x0000000008001fb4                wd_cancel
 .text.nxsched_add_blocked
                0x000000000800201c       0x28 NuttX/nuttx/sched/libsched.a(sched_addblocked.o)
                0x000000000800201c                nxsched_add_blocked
 .text.nxsched_remove_blocked
                0x0000000008002044       0x1c NuttX/nuttx/sched/libsched.a(sched_removeblocked.o)
                0x0000000008002044                nxsched_remove_blocked
 .text.wd_initialize
                0x0000000008002060       0x10 NuttX/nuttx/sched/libsched.a(wd_initialize.o)
                0x0000000008002060                wd_initialize
 .text.nxsched_add_prioritized
                0x0000000008002070       0x48 NuttX/nuttx/sched/libsched.a(sched_addprioritized.o)
                0x0000000008002070                nxsched_add_prioritized
 .text.sercon_main
                0x00000000080020b8       0x60 NuttX/apps/libapps.a(cdcacm_main.c.src.NxtPX4.PX4-Autopilot.platforms.nuttx.NuttX.apps.system.cdcacm.o)
                0x00000000080020b8                sercon_main
 .text.up_allocate_heap
                0x0000000008002118       0x18 NuttX/nuttx/arch/arm/src/libarch.a(stm32_allocateheap.o)
                0x0000000008002118                up_allocate_heap
 .text.stm32_gpiowrite
                0x0000000008002130       0x2c NuttX/nuttx/arch/arm/src/libarch.a(stm32_gpio.o)
                0x0000000008002130                stm32_gpiowrite
 .text.stm32_configgpio
                0x000000000800215c      0x1c4 NuttX/nuttx/arch/arm/src/libarch.a(stm32_gpio.o)
                0x000000000800215c                stm32_configgpio
 .text.stm32_unconfiggpio
                0x0000000008002320        0x6 NuttX/nuttx/arch/arm/src/libarch.a(stm32_gpio.o)
                0x0000000008002320                stm32_unconfiggpio
 *fill*         0x0000000008002326        0x2 ffecc2925d7d05c5
 .text.stm32_gpioread
                0x0000000008002328       0x34 NuttX/nuttx/arch/arm/src/libarch.a(stm32_gpio.o)
                0x0000000008002328                stm32_gpioread
 .text.up_assert
                0x000000000800235c       0x5c NuttX/nuttx/arch/arm/src/libarch.a(arm_assert.o)
                0x000000000800235c                up_assert
 .text.up_block_task
                0x00000000080023b8       0x5c NuttX/nuttx/arch/arm/src/libarch.a(arm_blocktask.o)
                0x00000000080023b8                up_block_task
 .text.arm_copyfullstate
                0x0000000008002414       0x18 NuttX/nuttx/arch/arm/src/libarch.a(arm_copyfullstate.o)
                0x0000000008002414                arm_copyfullstate
 .text.up_create_stack
                0x000000000800242c       0x4e NuttX/nuttx/arch/arm/src/libarch.a(arm_createstack.o)
                0x000000000800242c                up_create_stack
 *fill*         0x000000000800247a        0x2 ffecc2925d7d05c5
 .text.up_exit  0x000000000800247c       0x2c NuttX/nuttx/arch/arm/src/libarch.a(arm_exit.o)
                0x000000000800247c                up_exit
 .text.up_initialize
                0x00000000080024a8       0x40 NuttX/nuttx/arch/arm/src/libarch.a(arm_initialize.o)
                0x00000000080024a8                up_initialize
 .text.up_initial_state
                0x00000000080024e8       0x60 NuttX/nuttx/arch/arm/src/libarch.a(arm_initialstate.o)
                0x00000000080024e8                up_initial_state
 .text.up_interrupt_context
                0x0000000008002548       0x10 NuttX/nuttx/arch/arm/src/libarch.a(arm_interruptcontext.o)
                0x0000000008002548                up_interrupt_context
 .text.up_release_pending
                0x0000000008002558       0x38 NuttX/nuttx/arch/arm/src/libarch.a(arm_releasepending.o)
                0x0000000008002558                up_release_pending
 .text.up_release_stack
                0x0000000008002590       0x24 NuttX/nuttx/arch/arm/src/libarch.a(arm_releasestack.o)
                0x0000000008002590                up_release_stack
 .text.up_schedule_sigaction
                0x00000000080025b4       0x88 NuttX/nuttx/arch/arm/src/libarch.a(arm_schedulesigaction.o)
                0x00000000080025b4                up_schedule_sigaction
 .text.arm_sigdeliver
                0x000000000800263c       0x5c NuttX/nuttx/arch/arm/src/libarch.a(arm_sigdeliver.o)
                0x000000000800263c                arm_sigdeliver
 .text.up_stack_frame
                0x0000000008002698       0x36 NuttX/nuttx/arch/arm/src/libarch.a(arm_stackframe.o)
                0x0000000008002698                up_stack_frame
 *fill*         0x00000000080026ce        0x2 ffecc2925d7d05c5
 .text.up_unblock_task
                0x00000000080026d0       0x40 NuttX/nuttx/arch/arm/src/libarch.a(arm_unblocktask.o)
                0x00000000080026d0                up_unblock_task
 .text.up_use_stack
                0x0000000008002710       0x2e NuttX/nuttx/arch/arm/src/libarch.a(arm_usestack.o)
                0x0000000008002710                up_use_stack
 .text.up_idle  0x000000000800273e        0x2 NuttX/nuttx/arch/arm/src/libarch.a(arm_idle.o)
                0x000000000800273e                up_idle
 .text.arm_stack_color
                0x0000000008002740       0x2c NuttX/nuttx/arch/arm/src/libarch.a(arm_checkstack.o)
                0x0000000008002740                arm_stack_color
 .text          0x000000000800276c        0xa NuttX/nuttx/arch/arm/src/libarch.a(arm_fullcontextrestore.o)
                0x000000000800276c                arm_fullcontextrestore
 .text          0x0000000008002776        0xc NuttX/nuttx/arch/arm/src/libarch.a(arm_switchcontext.o)
                0x0000000008002776                arm_switchcontext
 .text.up_setusartint
                0x0000000008002782       0x28 NuttX/nuttx/arch/arm/src/libarch.a(stm32_serial.o)
 .text.up_restoreusartint
                0x00000000080027aa       0x24 NuttX/nuttx/arch/arm/src/libarch.a(stm32_serial.o)
 *fill*         0x00000000080027ce        0x2 ffecc2925d7d05c5
 .text.up_set_format
                0x00000000080027d0       0xe4 NuttX/nuttx/arch/arm/src/libarch.a(stm32_serial.o)
 .text.up_receive
                0x00000000080028b4       0x1a NuttX/nuttx/arch/arm/src/libarch.a(stm32_serial.o)
 .text.up_rxint
                0x00000000080028ce       0x3a NuttX/nuttx/arch/arm/src/libarch.a(stm32_serial.o)
 .text.up_rxavailable
                0x0000000008002908        0xc NuttX/nuttx/arch/arm/src/libarch.a(stm32_serial.o)
 .text.up_send  0x0000000008002914        0x8 NuttX/nuttx/arch/arm/src/libarch.a(stm32_serial.o)
 .text.up_txready
                0x000000000800291c        0xc NuttX/nuttx/arch/arm/src/libarch.a(stm32_serial.o)
 .text.up_txint
                0x0000000008002928       0x48 NuttX/nuttx/arch/arm/src/libarch.a(stm32_serial.o)
 .text.up_ioctl
                0x0000000008002970       0xc0 NuttX/nuttx/arch/arm/src/libarch.a(stm32_serial.o)
 .text.up_detach
                0x0000000008002a30       0x1c NuttX/nuttx/arch/arm/src/libarch.a(stm32_serial.o)
 .text.up_attach
                0x0000000008002a4c       0x24 NuttX/nuttx/arch/arm/src/libarch.a(stm32_serial.o)
 .text.up_rxflowcontrol
                0x0000000008002a70       0x20 NuttX/nuttx/arch/arm/src/libarch.a(stm32_serial.o)
 .text.up_interrupt
                0x0000000008002a90       0x46 NuttX/nuttx/arch/arm/src/libarch.a(stm32_serial.o)
 *fill*         0x0000000008002ad6        0x2 ffecc2925d7d05c5
 .text.up_setup
                0x0000000008002ad8       0x98 NuttX/nuttx/arch/arm/src/libarch.a(stm32_serial.o)
 .text.up_shutdown
                0x0000000008002b70       0x74 NuttX/nuttx/arch/arm/src/libarch.a(stm32_serial.o)
 .text.arm_serialinit
                0x0000000008002be4       0x38 NuttX/nuttx/arch/arm/src/libarch.a(stm32_serial.o)
                0x0000000008002be4                arm_serialinit
 .text.up_putc  0x0000000008002c1c        0x2 NuttX/nuttx/arch/arm/src/libarch.a(stm32_serial.o)
                0x0000000008002c1c                up_putc
 .text.stm32_req_complete
                0x0000000008002c1e       0x3c NuttX/nuttx/arch/arm/src/libarch.a(stm32_otgdev.o)
 .text.stm32_req_dispatch
                0x0000000008002c5a       0x32 NuttX/nuttx/arch/arm/src/libarch.a(stm32_otgdev.o)
 .text.stm32_epout_configure
                0x0000000008002c8c       0x68 NuttX/nuttx/arch/arm/src/libarch.a(stm32_otgdev.o)
 .text.stm32_epin_configure
                0x0000000008002cf4       0x60 NuttX/nuttx/arch/arm/src/libarch.a(stm32_otgdev.o)
 .text.stm32_ep_configure
                0x0000000008002d54       0x1c NuttX/nuttx/arch/arm/src/libarch.a(stm32_otgdev.o)
 .text.stm32_ep_clrstall
                0x0000000008002d70       0x38 NuttX/nuttx/arch/arm/src/libarch.a(stm32_otgdev.o)
 .text.stm32_ep_alloc
                0x0000000008002da8       0x70 NuttX/nuttx/arch/arm/src/libarch.a(stm32_otgdev.o)
 .text.stm32_ep_free
                0x0000000008002e18       0x38 NuttX/nuttx/arch/arm/src/libarch.a(stm32_otgdev.o)
 .text.stm32_getframe
                0x0000000008002e50       0x10 NuttX/nuttx/arch/arm/src/libarch.a(stm32_otgdev.o)
 .text.stm32_selfpowered
                0x0000000008002e60        0xc NuttX/nuttx/arch/arm/src/libarch.a(stm32_otgdev.o)
 .text.stm32_pullup
                0x0000000008002e6c       0x38 NuttX/nuttx/arch/arm/src/libarch.a(stm32_otgdev.o)
 .text.stm32_txfifo_flush
                0x0000000008002ea4       0x28 NuttX/nuttx/arch/arm/src/libarch.a(stm32_otgdev.o)
 .text.stm32_rxfifo_flush
                0x0000000008002ecc       0x28 NuttX/nuttx/arch/arm/src/libarch.a(stm32_otgdev.o)
 .text.stm32_req_cancel
                0x0000000008002ef4       0x2e NuttX/nuttx/arch/arm/src/libarch.a(stm32_otgdev.o)
 .text.stm32_ep_cancel
                0x0000000008002f22       0x2a NuttX/nuttx/arch/arm/src/libarch.a(stm32_otgdev.o)
 .text.stm32_ep_freereq
                0x0000000008002f4c        0x6 NuttX/nuttx/arch/arm/src/libarch.a(stm32_otgdev.o)
 .text.stm32_ep_allocreq
                0x0000000008002f52       0x18 NuttX/nuttx/arch/arm/src/libarch.a(stm32_otgdev.o)
 *fill*         0x0000000008002f6a        0x2 ffecc2925d7d05c5
 .text.stm32_wakeup
                0x0000000008002f6c       0x50 NuttX/nuttx/arch/arm/src/libarch.a(stm32_otgdev.o)
 .text.stm32_ep0out_ctrlsetup.isra.0
                0x0000000008002fbc       0x24 NuttX/nuttx/arch/arm/src/libarch.a(stm32_otgdev.o)
 .text.stm32_epin_transfer
                0x0000000008002fe0       0x94 NuttX/nuttx/arch/arm/src/libarch.a(stm32_otgdev.o)
 .text.stm32_epin_request
                0x0000000008003074       0xd8 NuttX/nuttx/arch/arm/src/libarch.a(stm32_otgdev.o)
 .text.stm32_rxfifo_read.isra.0
                0x000000000800314c       0x38 NuttX/nuttx/arch/arm/src/libarch.a(stm32_otgdev.o)
 .text.stm32_rxfifo_discard.isra.0
                0x0000000008003184       0x1c NuttX/nuttx/arch/arm/src/libarch.a(stm32_otgdev.o)
 .text.stm32_epout_request.part.0
                0x00000000080031a0       0x80 NuttX/nuttx/arch/arm/src/libarch.a(stm32_otgdev.o)
 .text.stm32_ep_submit
                0x0000000008003220       0x70 NuttX/nuttx/arch/arm/src/libarch.a(stm32_otgdev.o)
 .text.stm32_enablegonak.isra.0
                0x0000000008003290       0x18 NuttX/nuttx/arch/arm/src/libarch.a(stm32_otgdev.o)
 .text.stm32_ep_disable
                0x00000000080032a8       0xf4 NuttX/nuttx/arch/arm/src/libarch.a(stm32_otgdev.o)
 .text.stm32_ep0in_transmitzlp
                0x000000000800339c       0x20 NuttX/nuttx/arch/arm/src/libarch.a(stm32_otgdev.o)
 .text.stm32_epout_setstall
                0x00000000080033bc       0x40 NuttX/nuttx/arch/arm/src/libarch.a(stm32_otgdev.o)
 .text.stm32_ep_setstall
                0x00000000080033fc       0x2c NuttX/nuttx/arch/arm/src/libarch.a(stm32_otgdev.o)
 .text.stm32_ep_stall
                0x0000000008003428       0x2c NuttX/nuttx/arch/arm/src/libarch.a(stm32_otgdev.o)
 .text.stm32_epout_complete.constprop.0
                0x0000000008003454       0x34 NuttX/nuttx/arch/arm/src/libarch.a(stm32_otgdev.o)
 .text.stm32_usbreset.constprop.0
                0x0000000008003488       0xf0 NuttX/nuttx/arch/arm/src/libarch.a(stm32_otgdev.o)
 .text.stm32_ep0out_setup.part.0
                0x0000000008003578      0x354 NuttX/nuttx/arch/arm/src/libarch.a(stm32_otgdev.o)
 .text.stm32_usbinterrupt
                0x00000000080038cc      0x448 NuttX/nuttx/arch/arm/src/libarch.a(stm32_otgdev.o)
 .text.usbdev_register
                0x0000000008003d14       0x34 NuttX/nuttx/arch/arm/src/libarch.a(stm32_otgdev.o)
                0x0000000008003d14                usbdev_register
 .text.usbdev_unregister
                0x0000000008003d48       0x64 NuttX/nuttx/arch/arm/src/libarch.a(stm32_otgdev.o)
                0x0000000008003d48                usbdev_unregister
 .text.arm_usbuninitialize
                0x0000000008003dac       0xb0 NuttX/nuttx/arch/arm/src/libarch.a(stm32_otgdev.o)
                0x0000000008003dac                arm_usbuninitialize
 .text.arm_usbinitialize
                0x0000000008003e5c      0x2b4 NuttX/nuttx/arch/arm/src/libarch.a(stm32_otgdev.o)
                0x0000000008003e5c                arm_usbinitialize
 .text.up_mdelay
                0x0000000008004110       0x30 NuttX/nuttx/arch/arm/src/libarch.a(arm_mdelay.o)
                0x0000000008004110                up_mdelay
 .text.umm_initialize
                0x0000000008004140       0x1c NuttX/nuttx/mm/libmm.a(umm_initialize.o)
                0x0000000008004140                umm_initialize
 .text.free     0x000000000800415c       0x10 NuttX/nuttx/mm/libmm.a(umm_free.o)
                0x000000000800415c                free
 .text.malloc   0x000000000800416c       0x10 NuttX/nuttx/mm/libmm.a(umm_malloc.o)
                0x000000000800416c                malloc
 .text.memalign
                0x000000000800417c       0x10 NuttX/nuttx/mm/libmm.a(umm_memalign.o)
                0x000000000800417c                memalign
 .text.zalloc   0x000000000800418c       0x10 NuttX/nuttx/mm/libmm.a(umm_zalloc.o)
                0x000000000800418c                zalloc
 .text.mm_addregion
                0x000000000800419c       0x5c NuttX/nuttx/mm/libmm.a(mm_initialize.o)
                0x000000000800419c                mm_addregion
 .text.mm_initialize
                0x00000000080041f8       0x52 NuttX/nuttx/mm/libmm.a(mm_initialize.o)
                0x00000000080041f8                mm_initialize
 .text.mm_seminitialize
                0x000000000800424a        0x8 NuttX/nuttx/mm/libmm.a(mm_sem.o)
                0x000000000800424a                mm_seminitialize
 .text.mm_takesemaphore
                0x0000000008004252       0x40 NuttX/nuttx/mm/libmm.a(mm_sem.o)
                0x0000000008004252                mm_takesemaphore
 .text.mm_givesemaphore
                0x0000000008004292        0x4 NuttX/nuttx/mm/libmm.a(mm_sem.o)
                0x0000000008004292                mm_givesemaphore
 .text.mm_addfreechunk
                0x0000000008004296       0x36 NuttX/nuttx/mm/libmm.a(mm_addfreechunk.o)
                0x0000000008004296                mm_addfreechunk
 .text.mm_size2ndx
                0x00000000080042cc       0x1a NuttX/nuttx/mm/libmm.a(mm_size2ndx.o)
                0x00000000080042cc                mm_size2ndx
 .text.mm_free  0x00000000080042e6       0xb8 NuttX/nuttx/mm/libmm.a(mm_free.o)
                0x00000000080042e6                mm_free
 .text.mm_malloc
                0x000000000800439e       0xbc NuttX/nuttx/mm/libmm.a(mm_malloc.o)
                0x000000000800439e                mm_malloc
 .text.mm_memalign
                0x000000000800445a       0xd2 NuttX/nuttx/mm/libmm.a(mm_memalign.o)
                0x000000000800445a                mm_memalign
 .text.mm_zalloc
                0x000000000800452c       0x1a NuttX/nuttx/mm/libmm.a(mm_zalloc.o)
                0x000000000800452c                mm_zalloc
 .text.mm_shrinkchunk
                0x0000000008004546       0x64 NuttX/nuttx/mm/libmm.a(mm_shrinkchunk.o)
                0x0000000008004546                mm_shrinkchunk
 .text.__errno  0x00000000080045aa        0xa NuttX/nuttx/libs/libc/libc.a(lib_errno.o)
                0x00000000080045aa                __errno
 .text.lib_stream_initialize
                0x00000000080045b4       0x3c NuttX/nuttx/libs/libc/libc.a(lib_stream.o)
                0x00000000080045b4                lib_stream_initialize
 .text.lib_stream_release
                0x00000000080045f0       0x48 NuttX/nuttx/libs/libc/libc.a(lib_stream.o)
                0x00000000080045f0                lib_stream_release
 .text.lib_sem_initialize
                0x0000000008004638       0x1a NuttX/nuttx/libs/libc/libc.a(lib_filesem.o)
                0x0000000008004638                lib_sem_initialize
 .text.lib_take_semaphore
                0x0000000008004652       0x2e NuttX/nuttx/libs/libc/libc.a(lib_filesem.o)
                0x0000000008004652                lib_take_semaphore
 .text.lib_give_semaphore
                0x0000000008004680       0x1c NuttX/nuttx/libs/libc/libc.a(lib_filesem.o)
                0x0000000008004680                lib_give_semaphore
 .text.sq_addlast
                0x000000000800469c       0x14 NuttX/nuttx/libs/libc/libc.a(sq_addlast.o)
                0x000000000800469c                sq_addlast
 .text.sq_rem   0x00000000080046b0       0x2c NuttX/nuttx/libs/libc/libc.a(sq_rem.o)
                0x00000000080046b0                sq_rem
 .text.sq_remfirst
                0x00000000080046dc       0x14 NuttX/nuttx/libs/libc/libc.a(sq_remfirst.o)
                0x00000000080046dc                sq_remfirst
 .text.sq_remafter
                0x00000000080046f0       0x20 NuttX/nuttx/libs/libc/libc.a(sq_remafter.o)
                0x00000000080046f0                sq_remafter
 .text.dq_addlast
                0x0000000008004710       0x16 NuttX/nuttx/libs/libc/libc.a(dq_addlast.o)
                0x0000000008004710                dq_addlast
 .text.dq_addfirst
                0x0000000008004726       0x16 NuttX/nuttx/libs/libc/libc.a(dq_addfirst.o)
                0x0000000008004726                dq_addfirst
 .text.dq_rem   0x000000000800473c       0x1c NuttX/nuttx/libs/libc/libc.a(dq_rem.o)
                0x000000000800473c                dq_rem
 .text.nxtask_startup
                0x0000000008004758       0x54 NuttX/nuttx/libs/libc/libc.a(task_startup.o)
                0x0000000008004758                nxtask_startup
 .text.nxsem_init
                0x00000000080047ac       0x16 NuttX/nuttx/libs/libc/libc.a(sem_init.o)
                0x00000000080047ac                nxsem_init
 .text.sem_init
                0x00000000080047c2       0x20 NuttX/nuttx/libs/libc/libc.a(sem_init.o)
                0x00000000080047c2                sem_init
 .text.nxsig_addset
                0x00000000080047e2       0x1a NuttX/nuttx/libs/libc/libc.a(sig_addset.o)
                0x00000000080047e2                nxsig_addset
 .text.nxsig_delset
                0x00000000080047fc       0x1a NuttX/nuttx/libs/libc/libc.a(sig_delset.o)
                0x00000000080047fc                nxsig_delset
 .text.sigemptyset
                0x0000000008004816        0x8 NuttX/nuttx/libs/libc/libc.a(sig_emptyset.o)
                0x0000000008004816                sigemptyset
 .text.nxsig_ismember
                0x000000000800481e       0x14 NuttX/nuttx/libs/libc/libc.a(sig_ismember.o)
                0x000000000800481e                nxsig_ismember
 .text.printf   0x0000000008004832       0x26 NuttX/nuttx/libs/libc/libc.a(lib_printf.o)
                0x0000000008004832                printf
 .text.lib_flushall
                0x0000000008004858       0x3c NuttX/nuttx/libs/libc/libc.a(lib_libflushall.o)
                0x0000000008004858                lib_flushall
 .text.lib_fflush
                0x0000000008004894       0x90 NuttX/nuttx/libs/libc/libc.a(lib_libfflush.o)
                0x0000000008004894                lib_fflush
 .text.vfprintf
                0x0000000008004924       0x30 NuttX/nuttx/libs/libc/libc.a(lib_vfprintf.o)
                0x0000000008004924                vfprintf
 .text.stdoutstream_flush
                0x0000000008004954        0x8 NuttX/nuttx/libs/libc/libc.a(lib_stdoutstream.o)
 .text.stdoutstream_putc
                0x000000000800495c       0x26 NuttX/nuttx/libs/libc/libc.a(lib_stdoutstream.o)
 *fill*         0x0000000008004982        0x2 ffecc2925d7d05c5
 .text.lib_stdoutstream
                0x0000000008004984       0x34 NuttX/nuttx/libs/libc/libc.a(lib_stdoutstream.o)
                0x0000000008004984                lib_stdoutstream
 .text.memset   0x00000000080049b8       0x82 NuttX/nuttx/libs/libc/libc.a(lib_memset.o)
                0x00000000080049b8                memset
 .text.strcpy   0x0000000008004a3a       0x10 NuttX/nuttx/libs/libc/libc.a(lib_strcpy.o)
                0x0000000008004a3a                strcpy
 .text.strlen   0x0000000008004a4a       0x10 NuttX/nuttx/libs/libc/libc.a(lib_strlen.o)
                0x0000000008004a4a                strlen
 .text.strncpy  0x0000000008004a5a       0x24 NuttX/nuttx/libs/libc/libc.a(lib_strncpy.o)
                0x0000000008004a5a                strncpy
 *fill*         0x0000000008004a7e        0x2 ffecc2925d7d05c5
 .text.cfsetspeed
                0x0000000008004a80       0x40 NuttX/nuttx/libs/libc/libc.a(lib_cfspeed.o)
                0x0000000008004a80                cfsetspeed
 .text.cfgetspeed
                0x0000000008004ac0        0x4 NuttX/nuttx/libs/libc/libc.a(lib_cfspeed.o)
                0x0000000008004ac0                cfgetspeed
 .text.tls_get_info
                0x0000000008004ac4       0x18 NuttX/nuttx/libs/libc/libc.a(tls_getinfo.o)
                0x0000000008004ac4                tls_get_info
 .text.stream_semtake
                0x0000000008004adc       0x10 NuttX/nuttx/libs/libc/libc.a(lib_streamsem.o)
                0x0000000008004adc                stream_semtake
 .text.stream_semgive
                0x0000000008004aec        0x4 NuttX/nuttx/libs/libc/libc.a(lib_streamsem.o)
                0x0000000008004aec                stream_semgive
 .text.lib_noflush
                0x0000000008004af0        0x4 NuttX/nuttx/libs/libc/libc.a(lib_libnoflush.o)
                0x0000000008004af0                lib_noflush
 .text.lib_vsprintf
                0x0000000008004af4      0x814 NuttX/nuttx/libs/libc/libc.a(lib_libvsprintf.o)
                0x0000000008004af4                lib_vsprintf
 .text.__ultoa_invert
                0x0000000008005308       0x56 NuttX/nuttx/libs/libc/libc.a(lib_ultoa_invert.o)
                0x0000000008005308                __ultoa_invert
 *fill*         0x000000000800535e        0x2 ffecc2925d7d05c5
 .text.__dtoa_engine
                0x0000000008005360      0x1a4 NuttX/nuttx/libs/libc/libc.a(lib_dtoa_engine.o)
                0x0000000008005360                __dtoa_engine
 .text.fputc    0x0000000008005504       0x3e NuttX/nuttx/libs/libc/libc.a(lib_fputc.o)
                0x0000000008005504                fputc
 .text.strnlen  0x0000000008005542       0x1a NuttX/nuttx/libs/libc/libc.a(lib_strnlen.o)
                0x0000000008005542                strnlen
 .text.lib_fwrite
                0x000000000800555c       0xb2 NuttX/nuttx/libs/libc/libc.a(lib_libfwrite.o)
                0x000000000800555c                lib_fwrite
 .text.lib_rdflush
                0x000000000800560e       0x5a NuttX/nuttx/libs/libc/libc.a(lib_rdflush.o)
                0x000000000800560e                lib_rdflush
 .text.fseek    0x0000000008005668       0x3c NuttX/nuttx/libs/libc/libc.a(lib_fseek.o)
                0x0000000008005668                fseek
 .text.lib_wrflush
                0x00000000080056a4       0x16 NuttX/nuttx/libs/libc/libc.a(lib_wrflush.o)
                0x00000000080056a4                lib_wrflush
 .text.cinit    0x00000000080056ba       0x12 platforms/nuttx/src/bootloader/common/libbootloader.a(bl.c.obj)
                0x00000000080056ba                cinit
 .text.cfini    0x00000000080056cc        0xe platforms/nuttx/src/bootloader/common/libbootloader.a(bl.c.obj)
                0x00000000080056cc                cfini
 *fill*         0x00000000080056da        0x2 ffecc2925d7d05c5
 .text.cin      0x00000000080056dc       0x48 platforms/nuttx/src/bootloader/common/libbootloader.a(bl.c.obj)
                0x00000000080056dc                cin
 .text.cin_wait
                0x0000000008005724       0x2c platforms/nuttx/src/bootloader/common/libbootloader.a(bl.c.obj)
 .text.wait_for_eoc
                0x0000000008005750       0x10 platforms/nuttx/src/bootloader/common/libbootloader.a(bl.c.obj)
 .text.cout     0x0000000008005760       0x2c platforms/nuttx/src/bootloader/common/libbootloader.a(bl.c.obj)
                0x0000000008005760                cout
 .text.jump_to_app
                0x000000000800578c       0x58 platforms/nuttx/src/bootloader/common/libbootloader.a(bl.c.obj)
                0x000000000800578c                jump_to_app
 .text.sys_tick_handler
                0x00000000080057e4       0x3c platforms/nuttx/src/bootloader/common/libbootloader.a(bl.c.obj)
                0x00000000080057e4                sys_tick_handler
 .text.delay    0x0000000008005820       0x10 platforms/nuttx/src/bootloader/common/libbootloader.a(bl.c.obj)
                0x0000000008005820                delay
 .text.bootloader
                0x0000000008005830      0x4e8 platforms/nuttx/src/bootloader/common/libbootloader.a(bl.c.obj)
                0x0000000008005830                bootloader
 .text.usb_cinit
                0x0000000008005d18       0x54 platforms/nuttx/src/bootloader/common/lib/libbootloader_lib.a(cdcacm.c.obj)
                0x0000000008005d18                usb_cinit
 .text.usb_cfini
                0x0000000008005d6c       0x18 platforms/nuttx/src/bootloader/common/lib/libbootloader_lib.a(cdcacm.c.obj)
                0x0000000008005d6c                usb_cfini
 .text.usb_cin  0x0000000008005d84       0x4c platforms/nuttx/src/bootloader/common/lib/libbootloader_lib.a(cdcacm.c.obj)
                0x0000000008005d84                usb_cin
 .text.usb_cout
                0x0000000008005dd0       0x10 platforms/nuttx/src/bootloader/common/lib/libbootloader_lib.a(cdcacm.c.obj)
                0x0000000008005dd0                usb_cout
 .text.uart_cinit
                0x0000000008005de0       0x8c platforms/nuttx/src/bootloader/common/lib/libbootloader_lib.a(uart.c.obj)
                0x0000000008005de0                uart_cinit
 .text.uart_cfini
                0x0000000008005e6c       0x18 platforms/nuttx/src/bootloader/common/lib/libbootloader_lib.a(uart.c.obj)
                0x0000000008005e6c                uart_cfini
 .text.uart_cin
                0x0000000008005e84       0x2c platforms/nuttx/src/bootloader/common/lib/libbootloader_lib.a(uart.c.obj)
                0x0000000008005e84                uart_cin
 .text.uart_cout
                0x0000000008005eb0       0x34 platforms/nuttx/src/bootloader/common/lib/libbootloader_lib.a(uart.c.obj)
                0x0000000008005eb0                uart_cout
 .text.boardctl
                0x0000000008005ee4       0x70 NuttX/nuttx/boards/libboards.a(boardctl.o)
                0x0000000008005ee4                boardctl
 .text.uart_putc
                0x0000000008005f54       0x22 NuttX/nuttx/drivers/libdrivers.a(serial.o)
 .text.uart_putxmitchar
                0x0000000008005f76       0xb0 NuttX/nuttx/drivers/libdrivers.a(serial.o)
 .text.uart_read
                0x0000000008006026      0x15e NuttX/nuttx/drivers/libdrivers.a(serial.o)
 .text.uart_open
                0x0000000008006184       0x96 NuttX/nuttx/drivers/libdrivers.a(serial.o)
 .text.uart_pollnotify
                0x000000000800621a       0x3e NuttX/nuttx/drivers/libdrivers.a(serial.o)
 .text.uart_poll
                0x0000000008006258       0xca NuttX/nuttx/drivers/libdrivers.a(serial.o)
 *fill*         0x0000000008006322        0x2 ffecc2925d7d05c5
 .text.uart_tcdrain
                0x0000000008006324       0xc0 NuttX/nuttx/drivers/libdrivers.a(serial.o)
 .text.uart_write
                0x00000000080063e4      0x126 NuttX/nuttx/drivers/libdrivers.a(serial.o)
 *fill*         0x000000000800650a        0x2 ffecc2925d7d05c5
 .text.uart_register
                0x000000000800650c       0x90 NuttX/nuttx/drivers/libdrivers.a(serial.o)
                0x000000000800650c                uart_register
 .text.uart_datareceived
                0x000000000800659c       0x20 NuttX/nuttx/drivers/libdrivers.a(serial.o)
                0x000000000800659c                uart_datareceived
 .text.uart_datasent
                0x00000000080065bc       0x20 NuttX/nuttx/drivers/libdrivers.a(serial.o)
                0x00000000080065bc                uart_datasent
 .text.uart_ioctl
                0x00000000080065dc      0x1b0 NuttX/nuttx/drivers/libdrivers.a(serial.o)
 .text.uart_connected
                0x000000000800678c       0x50 NuttX/nuttx/drivers/libdrivers.a(serial.o)
                0x000000000800678c                uart_connected
 .text.uart_reset_sem
                0x00000000080067dc       0x38 NuttX/nuttx/drivers/libdrivers.a(serial.o)
                0x00000000080067dc                uart_reset_sem
 .text.uart_close
                0x0000000008006814       0x80 NuttX/nuttx/drivers/libdrivers.a(serial.o)
 .text.uart_xmitchars
                0x0000000008006894       0x6c NuttX/nuttx/drivers/libdrivers.a(serial_io.o)
                0x0000000008006894                uart_xmitchars
 .text.uart_recvchars
                0x0000000008006900       0xb6 NuttX/nuttx/drivers/libdrivers.a(serial_io.o)
                0x0000000008006900                uart_recvchars
 *fill*         0x00000000080069b6        0x2 ffecc2925d7d05c5
 .text.syslog_flush
                0x00000000080069b8       0x18 NuttX/nuttx/drivers/libdrivers.a(syslog_flush.o)
                0x00000000080069b8                syslog_flush
 .text.syslog_initialize
                0x00000000080069d0        0x4 NuttX/nuttx/drivers/libdrivers.a(syslog_initialize.o)
                0x00000000080069d0                syslog_initialize
 .text.cdcacm_requeue_rdrequest
                0x00000000080069d4       0x12 NuttX/nuttx/drivers/libdrivers.a(cdcacm.o)
 .text.cdcacm_ep0incomplete
                0x00000000080069e6        0x2 NuttX/nuttx/drivers/libdrivers.a(cdcacm.o)
 .text.cdcuart_setup
                0x00000000080069e8       0x12 NuttX/nuttx/drivers/libdrivers.a(cdcacm.o)
 .text.cdcuart_shutdown
                0x00000000080069fa        0x2 NuttX/nuttx/drivers/libdrivers.a(cdcacm.o)
 .text.cdcuart_attach
                0x00000000080069fc        0x4 NuttX/nuttx/drivers/libdrivers.a(cdcacm.o)
 .text.cdcuart_txempty
                0x0000000008006a00       0x10 NuttX/nuttx/drivers/libdrivers.a(cdcacm.o)
 .text.cdcacm_allocreq
                0x0000000008006a10       0x2e NuttX/nuttx/drivers/libdrivers.a(cdcacm.o)
 .text.cdcacm_resume
                0x0000000008006a3e       0x10 NuttX/nuttx/drivers/libdrivers.a(cdcacm.o)
 .text.cdcacm_suspend
                0x0000000008006a4e        0x8 NuttX/nuttx/drivers/libdrivers.a(cdcacm.o)
 .text.cdcacm_serialstate
                0x0000000008006a56       0x7e NuttX/nuttx/drivers/libdrivers.a(cdcacm.o)
 .text.cdcacm_release_rxpending
                0x0000000008006ad4      0x104 NuttX/nuttx/drivers/libdrivers.a(cdcacm.o)
 .text.cdcacm_rdcomplete
                0x0000000008006bd8       0x56 NuttX/nuttx/drivers/libdrivers.a(cdcacm.o)
 .text.cdcacm_rxtimeout
                0x0000000008006c2e        0x4 NuttX/nuttx/drivers/libdrivers.a(cdcacm.o)
 .text.cdcuart_rxflowcontrol
                0x0000000008006c32       0x6c NuttX/nuttx/drivers/libdrivers.a(cdcacm.o)
 .text.cdcuart_rxint
                0x0000000008006c9e       0x3a NuttX/nuttx/drivers/libdrivers.a(cdcacm.o)
 .text.cdcacm_sndpacket
                0x0000000008006cd8       0xfc NuttX/nuttx/drivers/libdrivers.a(cdcacm.o)
 .text.cdcacm_wrcomplete
                0x0000000008006dd4       0x48 NuttX/nuttx/drivers/libdrivers.a(cdcacm.o)
 .text.cdcuart_txint
                0x0000000008006e1c       0x16 NuttX/nuttx/drivers/libdrivers.a(cdcacm.o)
 .text.cdcuart_ioctl
                0x0000000008006e32      0x22a NuttX/nuttx/drivers/libdrivers.a(cdcacm.o)
 .text.cdcacm_freereq
                0x000000000800705c       0x22 NuttX/nuttx/drivers/libdrivers.a(cdcacm.o)
 .text.cdcacm_resetconfig
                0x000000000800707e       0x32 NuttX/nuttx/drivers/libdrivers.a(cdcacm.o)
 .text.cdcacm_disconnect
                0x00000000080070b0       0x48 NuttX/nuttx/drivers/libdrivers.a(cdcacm.o)
 .text.cdcacm_unbind
                0x00000000080070f8       0xc2 NuttX/nuttx/drivers/libdrivers.a(cdcacm.o)
 *fill*         0x00000000080071ba        0x2 ffecc2925d7d05c5
 .text.cdcacm_bind
                0x00000000080071bc      0x124 NuttX/nuttx/drivers/libdrivers.a(cdcacm.o)
 .text.cdcacm_epconfigure.constprop.0
                0x00000000080072e0       0x22 NuttX/nuttx/drivers/libdrivers.a(cdcacm.o)
 *fill*         0x0000000008007302        0x2 ffecc2925d7d05c5
 .text.cdcacm_setconfig
                0x0000000008007304       0xb4 NuttX/nuttx/drivers/libdrivers.a(cdcacm.o)
 .text.cdcacm_setup
                0x00000000080073b8      0x1e4 NuttX/nuttx/drivers/libdrivers.a(cdcacm.o)
 .text.cdcuart_detach
                0x000000000800759c        0x2 NuttX/nuttx/drivers/libdrivers.a(cdcacm.o)
 *fill*         0x000000000800759e        0x2 ffecc2925d7d05c5
 .text.cdcacm_initialize
                0x00000000080075a0      0x10c NuttX/nuttx/drivers/libdrivers.a(cdcacm.o)
                0x00000000080075a0                cdcacm_initialize
 .text.cdcacm_uninitialize
                0x00000000080076ac       0x38 NuttX/nuttx/drivers/libdrivers.a(cdcacm.o)
                0x00000000080076ac                cdcacm_uninitialize
 .text.cdcacm_mkstrdesc
                0x00000000080076e4       0x74 NuttX/nuttx/drivers/libdrivers.a(cdcacm_desc.o)
                0x00000000080076e4                cdcacm_mkstrdesc
 .text.cdcacm_getdevdesc
                0x0000000008007758        0x8 NuttX/nuttx/drivers/libdrivers.a(cdcacm_desc.o)
                0x0000000008007758                cdcacm_getdevdesc
 .text.cdcacm_copy_epdesc
                0x0000000008007760       0x6c NuttX/nuttx/drivers/libdrivers.a(cdcacm_desc.o)
                0x0000000008007760                cdcacm_copy_epdesc
 .text.cdcacm_mkcfgdesc
                0x00000000080077cc      0x122 NuttX/nuttx/drivers/libdrivers.a(cdcacm_desc.o)
                0x00000000080077cc                cdcacm_mkcfgdesc
 .text.devnull_read
                0x00000000080078ee        0x4 NuttX/nuttx/drivers/libdrivers.a(dev_null.o)
 .text.devnull_write
                0x00000000080078f2        0x4 NuttX/nuttx/drivers/libdrivers.a(dev_null.o)
 .text.devnull_poll
                0x00000000080078f6       0x1c NuttX/nuttx/drivers/libdrivers.a(dev_null.o)
 *fill*         0x0000000008007912        0x2 ffecc2925d7d05c5
 .text.devnull_register
                0x0000000008007914       0x18 NuttX/nuttx/drivers/libdrivers.a(dev_null.o)
                0x0000000008007914                devnull_register
 .text.syslog_default_putc
                0x000000000800792c        0x6 NuttX/nuttx/drivers/libdrivers.a(syslog_channel.o)
 *fill*         0x0000000008007932        0x2 ffecc2925d7d05c5
 .text.syslog_default_write
                0x0000000008007934       0x2c NuttX/nuttx/drivers/libdrivers.a(syslog_channel.o)
 .text.fs_initialize
                0x0000000008007960        0x4 NuttX/nuttx/fs/libfs.a(fs_initialize.o)
                0x0000000008007960                fs_initialize
 .text.files_extend
                0x0000000008007964       0x52 NuttX/nuttx/fs/libfs.a(fs_files.o)
 .text.files_initlist
                0x00000000080079b6        0x8 NuttX/nuttx/fs/libfs.a(fs_files.o)
                0x00000000080079b6                files_initlist
 .text.files_releaselist
                0x00000000080079be       0x3a NuttX/nuttx/fs/libfs.a(fs_files.o)
                0x00000000080079be                files_releaselist
 .text.files_allocate
                0x00000000080079f8       0xfa NuttX/nuttx/fs/libfs.a(fs_files.o)
                0x00000000080079f8                files_allocate
 .text.fs_getfilep
                0x0000000008007af2       0x5e NuttX/nuttx/fs/libfs.a(fs_files.o)
                0x0000000008007af2                fs_getfilep
 .text.nx_close
                0x0000000008007b50       0x74 NuttX/nuttx/fs/libfs.a(fs_files.o)
                0x0000000008007b50                nx_close
 .text.close    0x0000000008007bc4       0x1a NuttX/nuttx/fs/libfs.a(fs_files.o)
                0x0000000008007bc4                close
 *fill*         0x0000000008007bde        0x2 ffecc2925d7d05c5
 .text.inode_initialize
                0x0000000008007be0       0x24 NuttX/nuttx/fs/libfs.a(fs_inode.o)
                0x0000000008007be0                inode_initialize
 .text.inode_semtake
                0x0000000008007c04       0x34 NuttX/nuttx/fs/libfs.a(fs_inode.o)
                0x0000000008007c04                inode_semtake
 .text.inode_semgive
                0x0000000008007c38       0x24 NuttX/nuttx/fs/libfs.a(fs_inode.o)
                0x0000000008007c38                inode_semgive
 .text.inode_alloc.isra.0
                0x0000000008007c5c       0x3c NuttX/nuttx/fs/libfs.a(fs_inodereserve.o)
 .text.inode_root_reserve
                0x0000000008007c98       0x18 NuttX/nuttx/fs/libfs.a(fs_inodereserve.o)
                0x0000000008007c98                inode_root_reserve
 .text.inode_reserve
                0x0000000008007cb0       0xa4 NuttX/nuttx/fs/libfs.a(fs_inodereserve.o)
                0x0000000008007cb0                inode_reserve
 .text.inode_nextname
                0x0000000008007d54       0x1c NuttX/nuttx/fs/libfs.a(fs_inodesearch.o)
                0x0000000008007d54                inode_nextname
 .text.inode_search
                0x0000000008007d70       0xb8 NuttX/nuttx/fs/libfs.a(fs_inodesearch.o)
                0x0000000008007d70                inode_search
 .text.file_close
                0x0000000008007e28       0x2c NuttX/nuttx/fs/libfs.a(fs_close.o)
                0x0000000008007e28                file_close
 .text.file_dup2
                0x0000000008007e54       0x92 NuttX/nuttx/fs/libfs.a(fs_dup2.o)
                0x0000000008007e54                file_dup2
 .text.file_seek
                0x0000000008007ee6       0x40 NuttX/nuttx/fs/libfs.a(fs_lseek.o)
                0x0000000008007ee6                file_seek
 .text.nx_seek  0x0000000008007f26       0x1e NuttX/nuttx/fs/libfs.a(fs_lseek.o)
                0x0000000008007f26                nx_seek
 .text.lseek    0x0000000008007f44       0x1a NuttX/nuttx/fs/libfs.a(fs_lseek.o)
                0x0000000008007f44                lseek
 .text.inode_checkflags
                0x0000000008007f5e       0x28 NuttX/nuttx/fs/libfs.a(fs_open.o)
                0x0000000008007f5e                inode_checkflags
 .text.file_vopen
                0x0000000008007f86       0xc2 NuttX/nuttx/fs/libfs.a(fs_open.o)
 .text.nx_vopen
                0x0000000008008048       0x40 NuttX/nuttx/fs/libfs.a(fs_open.o)
 .text.open     0x0000000008008088       0x2c NuttX/nuttx/fs/libfs.a(fs_open.o)
                0x0000000008008088                open
 .text.file_read
                0x00000000080080b4       0x2a NuttX/nuttx/fs/libfs.a(fs_read.o)
                0x00000000080080b4                file_read
 .text.nx_read  0x00000000080080de       0x1e NuttX/nuttx/fs/libfs.a(fs_read.o)
                0x00000000080080de                nx_read
 .text.read     0x00000000080080fc       0x1a NuttX/nuttx/fs/libfs.a(fs_read.o)
                0x00000000080080fc                read
 .text.file_write
                0x0000000008008116       0x2a NuttX/nuttx/fs/libfs.a(fs_write.o)
                0x0000000008008116                file_write
 .text.nx_write
                0x0000000008008140       0x26 NuttX/nuttx/fs/libfs.a(fs_write.o)
                0x0000000008008140                nx_write
 .text.write    0x0000000008008166       0x1a NuttX/nuttx/fs/libfs.a(fs_write.o)
                0x0000000008008166                write
 .text.fs_fdopen
                0x0000000008008180       0xd2 NuttX/nuttx/fs/libfs.a(fs_fdopen.o)
                0x0000000008008180                fs_fdopen
 .text.register_driver
                0x0000000008008252       0x40 NuttX/nuttx/fs/libfs.a(fs_registerdriver.o)
                0x0000000008008252                register_driver
 .text.unregister_driver
                0x0000000008008292       0x1c NuttX/nuttx/fs/libfs.a(fs_unregisterdriver.o)
                0x0000000008008292                unregister_driver
 .text.inode_addref
                0x00000000080082ae       0x20 NuttX/nuttx/fs/libfs.a(fs_inodeaddref.o)
                0x00000000080082ae                inode_addref
 .text.inode_find
                0x00000000080082ce       0x26 NuttX/nuttx/fs/libfs.a(fs_inodefind.o)
                0x00000000080082ce                inode_find
 .text.inode_release
                0x00000000080082f4       0x3c NuttX/nuttx/fs/libfs.a(fs_inoderelease.o)
                0x00000000080082f4                inode_release
 .text.inode_unlink
                0x0000000008008330       0x4a NuttX/nuttx/fs/libfs.a(fs_inoderemove.o)
                0x0000000008008330                inode_unlink
 .text.inode_remove
                0x000000000800837a       0x2a NuttX/nuttx/fs/libfs.a(fs_inoderemove.o)
                0x000000000800837a                inode_remove
 .text.inode_free
                0x00000000080083a4       0x1e NuttX/nuttx/fs/libfs.a(fs_inodefree.o)
                0x00000000080083a4                inode_free
 .text.clock_initialize
                0x00000000080083c2        0x4 NuttX/nuttx/sched/libsched.a(clock_initialize.o)
                0x00000000080083c2                clock_initialize
 *fill*         0x00000000080083c6        0x2 ffecc2925d7d05c5
 .text.clock_timer
                0x00000000080083c8       0x10 NuttX/nuttx/sched/libsched.a(clock_initialize.o)
                0x00000000080083c8                clock_timer
 .text.nxsched_get_files
                0x00000000080083d8       0x10 NuttX/nuttx/sched/libsched.a(sched_getfiles.o)
                0x00000000080083d8                nxsched_get_files
 .text.nxsched_add_readytorun
                0x00000000080083e8       0x48 NuttX/nuttx/sched/libsched.a(sched_addreadytorun.o)
                0x00000000080083e8                nxsched_add_readytorun
 .text.nxsched_remove_readytorun
                0x0000000008008430       0x28 NuttX/nuttx/sched/libsched.a(sched_removereadytorun.o)
                0x0000000008008430                nxsched_remove_readytorun
 .text.nxsched_merge_pending
                0x0000000008008458       0x58 NuttX/nuttx/sched/libsched.a(sched_mergepending.o)
                0x0000000008008458                nxsched_merge_pending
 .text.nxsched_get_streams
                0x00000000080084b0       0x10 NuttX/nuttx/sched/libsched.a(sched_getstreams.o)
                0x00000000080084b0                nxsched_get_streams
 .text.sched_idletask
                0x00000000080084c0       0x18 NuttX/nuttx/sched/libsched.a(sched_idletask.o)
                0x00000000080084c0                sched_idletask
 .text.nxsched_self
                0x00000000080084d8        0xc NuttX/nuttx/sched/libsched.a(sched_self.o)
                0x00000000080084d8                nxsched_self
 .text.nxsched_get_stackinfo
                0x00000000080084e4       0x44 NuttX/nuttx/sched/libsched.a(sched_get_stackinfo.o)
                0x00000000080084e4                nxsched_get_stackinfo
 .text.nxsem_wait
                0x0000000008008528       0x60 NuttX/nuttx/sched/libsched.a(sem_wait.o)
                0x0000000008008528                nxsem_wait
 .text.nxsem_wait_uninterruptible
                0x0000000008008588       0x10 NuttX/nuttx/sched/libsched.a(sem_wait.o)
                0x0000000008008588                nxsem_wait_uninterruptible
 .text.sem_wait
                0x0000000008008598       0x1c NuttX/nuttx/sched/libsched.a(sem_wait.o)
                0x0000000008008598                sem_wait
 .text.nxsem_trywait
                0x00000000080085b4       0x4c NuttX/nuttx/sched/libsched.a(sem_trywait.o)
                0x00000000080085b4                nxsem_trywait
 .text.sem_trywait
                0x0000000008008600       0x1a NuttX/nuttx/sched/libsched.a(sem_trywait.o)
                0x0000000008008600                sem_trywait
 *fill*         0x000000000800861a        0x2 ffecc2925d7d05c5
 .text.nxsem_post
                0x000000000800861c       0x70 NuttX/nuttx/sched/libsched.a(sem_post.o)
                0x000000000800861c                nxsem_post
 .text.sem_post
                0x000000000800868c       0x1a NuttX/nuttx/sched/libsched.a(sem_post.o)
                0x000000000800868c                sem_post
 .text.nxsem_reset
                0x00000000080086a6       0x4e NuttX/nuttx/sched/libsched.a(sem_reset.o)
                0x00000000080086a6                nxsem_reset
 .text.nxsig_kill
                0x00000000080086f4       0x42 NuttX/nuttx/sched/libsched.a(sig_kill.o)
                0x00000000080086f4                nxsig_kill
 *fill*         0x0000000008008736        0x2 ffecc2925d7d05c5
 .text.nxsig_usleep
                0x0000000008008738       0x2c NuttX/nuttx/sched/libsched.a(sig_usleep.o)
                0x0000000008008738                nxsig_usleep
 .text.nxtask_exit
                0x0000000008008764       0x48 NuttX/nuttx/sched/libsched.a(task_exit.o)
                0x0000000008008764                nxtask_exit
 .text.getpid   0x00000000080087ac       0x1c NuttX/nuttx/sched/libsched.a(task_getpid.o)
                0x00000000080087ac                getpid
 .text.nxtask_terminate
                0x00000000080087c8       0x5c NuttX/nuttx/sched/libsched.a(task_terminate.o)
                0x00000000080087c8                nxtask_terminate
 .text.wd_start
                0x0000000008008824       0xb8 NuttX/nuttx/sched/libsched.a(wd_start.o)
                0x0000000008008824                wd_start
 .text.wd_timer
                0x00000000080088dc       0x44 NuttX/nuttx/sched/libsched.a(wd_start.o)
                0x00000000080088dc                wd_timer
 .text.nxsig_nanosleep
                0x0000000008008920       0x94 NuttX/nuttx/sched/libsched.a(sig_nanosleep.o)
                0x0000000008008920                nxsig_nanosleep
 .text.nxsig_timeout
                0x00000000080089b4       0x1e NuttX/nuttx/sched/libsched.a(sig_timedwait.o)
 *fill*         0x00000000080089d2        0x2 ffecc2925d7d05c5
 .text.nxsig_timedwait
                0x00000000080089d4      0x100 NuttX/nuttx/sched/libsched.a(sig_timedwait.o)
                0x00000000080089d4                nxsig_timedwait
 .text.stm32_timerisr
                0x0000000008008ad4        0xa NuttX/nuttx/arch/arm/src/libarch.a(stm32_timerisr.o)
 *fill*         0x0000000008008ade        0x2 ffecc2925d7d05c5
 .text.up_timer_initialize
                0x0000000008008ae0       0x34 NuttX/nuttx/arch/arm/src/libarch.a(stm32_timerisr.o)
                0x0000000008008ae0                up_timer_initialize
 .text.realloc  0x0000000008008b14       0x10 NuttX/nuttx/mm/libmm.a(umm_realloc.o)
                0x0000000008008b14                realloc
 .text.mm_realloc
                0x0000000008008b24      0x1b4 NuttX/nuttx/mm/libmm.a(mm_realloc.o)
                0x0000000008008b24                mm_realloc
 .text.getumask
                0x0000000008008cd8        0xa NuttX/nuttx/libs/libc/libc.a(lib_umask.o)
                0x0000000008008cd8                getumask
 .text.sq_addfirst
                0x0000000008008ce2        0xc NuttX/nuttx/libs/libc/libc.a(sq_addfirst.o)
                0x0000000008008ce2                sq_addfirst
 .text.sq_addafter
                0x0000000008008cee       0x1c NuttX/nuttx/libs/libc/libc.a(sq_addafter.o)
                0x0000000008008cee                sq_addafter
 *fill*         0x0000000008008d0a        0x2 ffecc2925d7d05c5
 .text.clock_ticks2time
                0x0000000008008d0c       0x1c NuttX/nuttx/libs/libc/libc.a(clock_ticks2time.o)
                0x0000000008008d0c                clock_ticks2time
 .text.clock_time2ticks
                0x0000000008008d28       0x38 NuttX/nuttx/libs/libc/libc.a(clock_time2ticks.o)
                0x0000000008008d28                clock_time2ticks
 .text.nxsem_get_value
                0x0000000008008d60       0x14 NuttX/nuttx/libs/libc/libc.a(sem_getvalue.o)
                0x0000000008008d60                nxsem_get_value
 .text.nxsem_set_protocol
                0x0000000008008d74       0x14 NuttX/nuttx/libs/libc/libc.a(sem_setprotocol.o)
                0x0000000008008d74                nxsem_set_protocol
 .text.asprintf
                0x0000000008008d88       0x1a NuttX/nuttx/libs/libc/libc.a(lib_asprintf.o)
                0x0000000008008d88                asprintf
 .text.snprintf
                0x0000000008008da2       0x2e NuttX/nuttx/libs/libc/libc.a(lib_snprintf.o)
                0x0000000008008da2                snprintf
 .text.vasprintf
                0x0000000008008dd0       0x4c NuttX/nuttx/libs/libc/libc.a(lib_vasprintf.o)
                0x0000000008008dd0                vasprintf
 .text.memoutstream_putc
                0x0000000008008e1c       0x1a NuttX/nuttx/libs/libc/libc.a(lib_memoutstream.o)
 *fill*         0x0000000008008e36        0x2 ffecc2925d7d05c5
 .text.lib_memoutstream
                0x0000000008008e38       0x20 NuttX/nuttx/libs/libc/libc.a(lib_memoutstream.o)
                0x0000000008008e38                lib_memoutstream
 .text.nulloutstream_putc
                0x0000000008008e58        0x8 NuttX/nuttx/libs/libc/libc.a(lib_nulloutstream.o)
 .text.lib_nulloutstream
                0x0000000008008e60       0x18 NuttX/nuttx/libs/libc/libc.a(lib_nulloutstream.o)
                0x0000000008008e60                lib_nulloutstream
 .text.atol     0x0000000008008e78        0x8 NuttX/nuttx/libs/libc/libc.a(lib_atol.o)
                0x0000000008008e78                atol
 .text.strtol   0x0000000008008e80       0x74 NuttX/nuttx/libs/libc/libc.a(lib_strtol.o)
                0x0000000008008e80                strtol
 .text.strtoul  0x0000000008008ef4       0xba NuttX/nuttx/libs/libc/libc.a(lib_strtoul.o)
                0x0000000008008ef4                strtoul
 .text.lib_checkbase
                0x0000000008008fae       0x5c NuttX/nuttx/libs/libc/libc.a(lib_checkbase.o)
                0x0000000008008fae                lib_checkbase
 .text.lib_isbasedigit
                0x000000000800900a       0x4c NuttX/nuttx/libs/libc/libc.a(lib_isbasedigit.o)
                0x000000000800900a                lib_isbasedigit
 .text.lib_skipspace
                0x0000000008009056       0x18 NuttX/nuttx/libs/libc/libc.a(lib_skipspace.o)
                0x0000000008009056                lib_skipspace
 .text.strdup   0x000000000800906e       0x1e NuttX/nuttx/libs/libc/libc.a(lib_strdup.o)
                0x000000000800906e                strdup
 .text.strtok   0x000000000800908c        0xc NuttX/nuttx/libs/libc/libc.a(lib_strtok.o)
                0x000000000800908c                strtok
 .text.strtok_r
                0x0000000008009098       0x4c NuttX/nuttx/libs/libc/libc.a(lib_strtokr.o)
                0x0000000008009098                strtok_r
 .text.strchr   0x00000000080090e4       0x14 NuttX/nuttx/libs/libc/libc.a(lib_strchr.o)
                0x00000000080090e4                strchr
 .text.tcgetattr
                0x00000000080090f8        0xa NuttX/nuttx/libs/libc/libc.a(lib_tcgetattr.o)
                0x00000000080090f8                tcgetattr
 .text.tcsetattr
                0x0000000008009102       0x2a NuttX/nuttx/libs/libc/libc.a(lib_tcsetattr.o)
                0x0000000008009102                tcsetattr
 .text.task_get_info
                0x000000000800912c        0xa NuttX/nuttx/libs/libc/libc.a(task_getinfo.o)
                0x000000000800912c                task_get_info
 .text.isspace  0x0000000008009136       0x14 NuttX/nuttx/libs/libc/libc.a(lib_isspace.o)
                0x0000000008009136                isspace
 .text.tcflush  0x000000000800914a        0xa NuttX/nuttx/libs/libc/libc.a(lib_tcflush.o)
                0x000000000800914a                tcflush
 .text.tcdrain  0x0000000008009154        0xa NuttX/nuttx/drivers/libdrivers.a(tcdrain.o)
                0x0000000008009154                tcdrain
 .text.file_vioctl
                0x000000000800915e       0x9e NuttX/nuttx/fs/libfs.a(fs_ioctl.o)
                0x000000000800915e                file_vioctl
 .text.file_ioctl
                0x00000000080091fc       0x1a NuttX/nuttx/fs/libfs.a(fs_ioctl.o)
                0x00000000080091fc                file_ioctl
 .text.ioctl    0x0000000008009216       0x3c NuttX/nuttx/fs/libfs.a(fs_ioctl.o)
                0x0000000008009216                ioctl
 *fill*         0x0000000008009252        0x2 ffecc2925d7d05c5
 .text.inode_getpath
                0x0000000008009254       0x44 NuttX/nuttx/fs/libfs.a(fs_inodegetpath.o)
                0x0000000008009254                inode_getpath
 .text.file_vfcntl
                0x0000000008009298       0x7c NuttX/nuttx/fs/libfs.a(fs_fcntl.o)
 .text.file_fcntl
                0x0000000008009314       0x1a NuttX/nuttx/fs/libfs.a(fs_fcntl.o)
                0x0000000008009314                file_fcntl
 .text.file_dup
                0x000000000800932e       0x3c NuttX/nuttx/fs/libfs.a(fs_dup.o)
                0x000000000800932e                file_dup
 *fill*         0x000000000800936a        0x2 ffecc2925d7d05c5
 .text.nxsched_process_timer
                0x000000000800936c       0x1c NuttX/nuttx/sched/libsched.a(sched_processtimer.o)
                0x000000000800936c                nxsched_process_timer
 .text.strcat   0x0000000008009388       0x20 NuttX/nuttx/libs/libc/libc.a(lib_strcat.o)
                0x0000000008009388                strcat
 .text          0x00000000080093a8       0xa0 /opt/gcc/bin/../lib/gcc/arm-none-eabi/9.3.1/thumb/v7e-m+dp/hard/libgcc.a(_aeabi_ldivmod.o)
                0x00000000080093a8                __aeabi_ldivmod
 .text          0x0000000008009448       0x30 /opt/gcc/bin/../lib/gcc/arm-none-eabi/9.3.1/thumb/v7e-m+dp/hard/libgcc.a(_aeabi_uldivmod.o)
                0x0000000008009448                __aeabi_uldivmod
 .text          0x0000000008009478       0x40 /opt/gcc/bin/../lib/gcc/arm-none-eabi/9.3.1/thumb/v7e-m+dp/hard/libgcc.a(_fixunsdfdi.o)
                0x0000000008009478                __aeabi_d2ulz
                0x0000000008009478                __fixunsdfdi
 .text          0x00000000080094b8      0x2c4 /opt/gcc/bin/../lib/gcc/arm-none-eabi/9.3.1/thumb/v7e-m+dp/hard/libgcc.a(_udivmoddi4.o)
                0x00000000080094b8                __udivmoddi4
 .text          0x000000000800977c        0x4 /opt/gcc/bin/../lib/gcc/arm-none-eabi/9.3.1/thumb/v7e-m+dp/hard/libgcc.a(_dvmd_tls.o)
                0x000000000800977c                __aeabi_ldiv0
                0x000000000800977c                __aeabi_idiv0
 .text.board_get_devices
                0x0000000008009780        0x4 platforms/nuttx/src/bootloader/stm/stm32h7/arch_bootloader/libarch_bootloader.a(main.c.obj)
                0x0000000008009780                board_get_devices
 .text.board_deinit
                0x0000000008009784       0x30 platforms/nuttx/src/bootloader/stm/stm32h7/arch_bootloader/libarch_bootloader.a(main.c.obj)
                0x0000000008009784                board_deinit
 .text.arch_systic_init
                0x00000000080097b4       0x28 platforms/nuttx/src/bootloader/stm/stm32h7/arch_bootloader/libarch_bootloader.a(main.c.obj)
                0x00000000080097b4                arch_systic_init
 .text.arch_systic_deinit
                0x00000000080097dc       0x1a platforms/nuttx/src/bootloader/stm/stm32h7/arch_bootloader/libarch_bootloader.a(main.c.obj)
                0x00000000080097dc                arch_systic_deinit
 *fill*         0x00000000080097f6        0x2 ffecc2925d7d05c5
 .text.clock_deinit
                0x00000000080097f8       0x44 platforms/nuttx/src/bootloader/stm/stm32h7/arch_bootloader/libarch_bootloader.a(main.c.obj)
                0x00000000080097f8                clock_deinit
 .text.arch_flash_lock
                0x000000000800983c       0x16 platforms/nuttx/src/bootloader/stm/stm32h7/arch_bootloader/libarch_bootloader.a(main.c.obj)
                0x000000000800983c                arch_flash_lock
 .text.arch_flash_unlock
                0x0000000008009852       0x1a platforms/nuttx/src/bootloader/stm/stm32h7/arch_bootloader/libarch_bootloader.a(main.c.obj)
                0x0000000008009852                arch_flash_unlock
 .text.arch_flash_write
                0x000000000800986c        0x4 platforms/nuttx/src/bootloader/stm/stm32h7/arch_bootloader/libarch_bootloader.a(main.c.obj)
                0x000000000800986c                arch_flash_write
 .text.arch_setvtor
                0x0000000008009870        0xc platforms/nuttx/src/bootloader/stm/stm32h7/arch_bootloader/libarch_bootloader.a(main.c.obj)
                0x0000000008009870                arch_setvtor
 .text.flash_func_sector_size
                0x000000000800987c        0xc platforms/nuttx/src/bootloader/stm/stm32h7/arch_bootloader/libarch_bootloader.a(main.c.obj)
                0x000000000800987c                flash_func_sector_size
 .text.flash_func_erase_sector
                0x0000000008009888       0x1c platforms/nuttx/src/bootloader/stm/stm32h7/arch_bootloader/libarch_bootloader.a(main.c.obj)
                0x0000000008009888                flash_func_erase_sector
 .text.flash_func_write_word
                0x00000000080098a4        0xc platforms/nuttx/src/bootloader/stm/stm32h7/arch_bootloader/libarch_bootloader.a(main.c.obj)
                0x00000000080098a4                flash_func_write_word
 .text.flash_func_read_word
                0x00000000080098b0       0x14 platforms/nuttx/src/bootloader/stm/stm32h7/arch_bootloader/libarch_bootloader.a(main.c.obj)
                0x00000000080098b0                flash_func_read_word
 .text.flash_func_read_otp
                0x00000000080098c4        0x4 platforms/nuttx/src/bootloader/stm/stm32h7/arch_bootloader/libarch_bootloader.a(main.c.obj)
                0x00000000080098c4                flash_func_read_otp
 .text.get_mcu_id
                0x00000000080098c8        0xc platforms/nuttx/src/bootloader/stm/stm32h7/arch_bootloader/libarch_bootloader.a(main.c.obj)
                0x00000000080098c8                get_mcu_id
 .text.get_mcu_desc
                0x00000000080098d4       0x98 platforms/nuttx/src/bootloader/stm/stm32h7/arch_bootloader/libarch_bootloader.a(main.c.obj)
                0x00000000080098d4                get_mcu_desc
 .text.flash_func_read_sn
                0x000000000800996c        0xc platforms/nuttx/src/bootloader/stm/stm32h7/arch_bootloader/libarch_bootloader.a(main.c.obj)
                0x000000000800996c                flash_func_read_sn
 .text.led_on   0x0000000008009978       0x20 platforms/nuttx/src/bootloader/stm/stm32h7/arch_bootloader/libarch_bootloader.a(main.c.obj)
                0x0000000008009978                led_on
 .text.led_off  0x0000000008009998       0x20 platforms/nuttx/src/bootloader/stm/stm32h7/arch_bootloader/libarch_bootloader.a(main.c.obj)
                0x0000000008009998                led_off
 .text.led_toggle
                0x00000000080099b8       0x3c platforms/nuttx/src/bootloader/stm/stm32h7/arch_bootloader/libarch_bootloader.a(main.c.obj)
                0x00000000080099b8                led_toggle
 .text.arch_do_jump
                0x00000000080099f4        0xc platforms/nuttx/src/bootloader/stm/stm32h7/arch_bootloader/libarch_bootloader.a(main.c.obj)
                0x00000000080099f4                arch_do_jump
 .text.bootloader_main
                0x0000000008009a00      0x108 platforms/nuttx/src/bootloader/stm/stm32h7/arch_bootloader/libarch_bootloader.a(main.c.obj)
                0x0000000008009a00                bootloader_main
 .text.systick_set_reload
                0x0000000008009b08       0x18 platforms/nuttx/src/bootloader/stm/stm32h7/arch_bootloader/libarch_bootloader.a(systick.c.obj)
                0x0000000008009b08                systick_set_reload
 .text.systick_set_clocksource
                0x0000000008009b20       0x20 platforms/nuttx/src/bootloader/stm/stm32h7/arch_bootloader/libarch_bootloader.a(systick.c.obj)
                0x0000000008009b20                systick_set_clocksource
 .text.systick_counter_enable
                0x0000000008009b40       0x10 platforms/nuttx/src/bootloader/stm/stm32h7/arch_bootloader/libarch_bootloader.a(systick.c.obj)
                0x0000000008009b40                systick_counter_enable
 .text.systick_counter_disable
                0x0000000008009b50       0x1c platforms/nuttx/src/bootloader/stm/stm32h7/arch_bootloader/libarch_bootloader.a(systick.c.obj)
                0x0000000008009b50                systick_counter_disable
 .text.systick_interrupt_enable
                0x0000000008009b6c       0x10 platforms/nuttx/src/bootloader/stm/stm32h7/arch_bootloader/libarch_bootloader.a(systick.c.obj)
                0x0000000008009b6c                systick_interrupt_enable
 .text.systick_interrupt_disable
                0x0000000008009b7c       0x10 platforms/nuttx/src/bootloader/stm/stm32h7/arch_bootloader/libarch_bootloader.a(systick.c.obj)
                0x0000000008009b7c                systick_interrupt_disable
 .text.board_configure_reset
                0x0000000008009b8c       0x40 platforms/nuttx/src/px4/stm/stm32h7/board_reset/libarch_board_reset.a(board_reset.cpp.obj)
                0x0000000008009b8c                board_configure_reset
 .text.board_reset
                0x0000000008009bcc       0x18 platforms/nuttx/src/px4/stm/stm32h7/board_reset/libarch_board_reset.a(board_reset.cpp.obj)
                0x0000000008009bcc                board_reset
 .text.up_systemreset
                0x0000000008009be4       0x1c NuttX/nuttx/arch/arm/src/libarch.a(arm_systemreset.o)
                0x0000000008009be4                up_systemreset
 .text.stm32h7_unlock_flash
                0x0000000008009c00       0x24 NuttX/nuttx/arch/arm/src/libarch.a(stm32_flash.o)
 .text.stm32h7_flash_bank
                0x0000000008009c24       0x2c NuttX/nuttx/arch/arm/src/libarch.a(stm32_flash.o)
 .text.stm32h7_flash_modifyreg32
                0x0000000008009c50       0x14 NuttX/nuttx/arch/arm/src/libarch.a(stm32_flash.o)
 .text.stm32h7_lock_flash
                0x0000000008009c64        0xa NuttX/nuttx/arch/arm/src/libarch.a(stm32_flash.o)
 *fill*         0x0000000008009c6e        0x2 ffecc2925d7d05c5
 .text.stm32h7_wait_for_last_operation
                0x0000000008009c70       0x2c NuttX/nuttx/arch/arm/src/libarch.a(stm32_flash.o)
 .text.stm32h7_flash_unlock
                0x0000000008009c9c       0x26 NuttX/nuttx/arch/arm/src/libarch.a(stm32_flash.o)
                0x0000000008009c9c                stm32h7_flash_unlock
 .text.stm32h7_flash_lock
                0x0000000008009cc2       0x28 NuttX/nuttx/arch/arm/src/libarch.a(stm32_flash.o)
                0x0000000008009cc2                stm32h7_flash_lock
 .text.up_progmem_getaddress
                0x0000000008009cea       0x26 NuttX/nuttx/arch/arm/src/libarch.a(stm32_flash.o)
                0x0000000008009cea                up_progmem_getaddress
 .text.up_progmem_ispageerased
                0x0000000008009d10       0x2a NuttX/nuttx/arch/arm/src/libarch.a(stm32_flash.o)
                0x0000000008009d10                up_progmem_ispageerased
 .text.up_progmem_eraseblock
                0x0000000008009d3a       0xda NuttX/nuttx/arch/arm/src/libarch.a(stm32_flash.o)
                0x0000000008009d3a                up_progmem_eraseblock
 .text.up_progmem_write
                0x0000000008009e14      0x1a0 NuttX/nuttx/arch/arm/src/libarch.a(stm32_flash.o)
                0x0000000008009e14                up_progmem_write
 .text.fcl_reset
                0x0000000008009fb4        0x8 platforms/nuttx/src/bootloader/common/lib/libbootloader_lib.a(flash_cache.c.obj)
 .text.fc_reset
                0x0000000008009fbc       0x20 platforms/nuttx/src/bootloader/common/lib/libbootloader_lib.a(flash_cache.c.obj)
                0x0000000008009fbc                fc_reset
 .text.fc_flush
                0x0000000008009fdc       0x16 platforms/nuttx/src/bootloader/common/lib/libbootloader_lib.a(flash_cache.c.obj)
                0x0000000008009fdc                fc_flush
 *fill*         0x0000000008009ff2        0x2 ffecc2925d7d05c5
 .text.fc_write
                0x0000000008009ff4       0x80 platforms/nuttx/src/bootloader/common/lib/libbootloader_lib.a(flash_cache.c.obj)
                0x0000000008009ff4                fc_write
 .text.fc_read  0x000000000800a074       0x58 platforms/nuttx/src/bootloader/common/lib/libbootloader_lib.a(flash_cache.c.obj)
                0x000000000800a074                fc_read
 *(.fixup)
 *(.gnu.warning)
 *(.rodata .rodata.*)
 .rodata.g_idle_topstack
                0x000000000800a0cc        0x4 NuttX/nuttx/arch/arm/src/libarch.a(stm32_start.o)
                0x000000000800a0cc                g_idle_topstack
 .rodata.arm_hardfault.str1.1
                0x000000000800a0d0       0x18 NuttX/nuttx/arch/arm/src/libarch.a(arm_hardfault.o)
 .rodata.g_idlename
                0x000000000800a0e8        0xa NuttX/nuttx/sched/libsched.a(nx_start.o)
 *fill*         0x000000000800a0f2        0x2 ffecc2925d7d05c5
 .rodata.g_tasklisttable
                0x000000000800a0f4       0x40 NuttX/nuttx/sched/libsched.a(nx_start.o)
                0x000000000800a0f4                g_tasklisttable
 .rodata.nx_start_task.str1.1
                0x000000000800a134        0x5 NuttX/nuttx/sched/libsched.a(nx_bringup.o)
 .rodata.nx_bringup.str1.1
                0x000000000800a139        0xb NuttX/nuttx/sched/libsched.a(nx_bringup.o)
 .rodata.irq_unexpected_isr.str1.1
                0x000000000800a144       0x18 NuttX/nuttx/sched/libsched.a(irq_unexpectedisr.o)
 .rodata.g_noname
                0x000000000800a15c        0x9 NuttX/nuttx/sched/libsched.a(task_setup.o)
 *fill*         0x000000000800a165        0x3 ffecc2925d7d05c5
 .rodata.g_defactions
                0x000000000800a168       0x58 NuttX/nuttx/sched/libsched.a(sig_default.o)
 .rodata.sercon_main.str1.1
                0x000000000800a1c0       0xc8 NuttX/apps/libapps.a(cdcacm_main.c.src.NxtPX4.PX4-Autopilot.platforms.nuttx.NuttX.apps.system.cdcacm.o)
 .rodata.g_gpiobase
                0x000000000800a288       0x20 NuttX/nuttx/arch/arm/src/libarch.a(stm32_gpio.o)
                0x000000000800a288                g_gpiobase
 .rodata.arm_serialinit.str1.1
                0x000000000800a2a8        0xb NuttX/nuttx/arch/arm/src/libarch.a(stm32_serial.o)
 *fill*         0x000000000800a2b3        0x1 ffecc2925d7d05c5
 .rodata.g_uart_devs
                0x000000000800a2b4       0x20 NuttX/nuttx/arch/arm/src/libarch.a(stm32_serial.o)
 .rodata.g_uart_ops
                0x000000000800a2d4       0x34 NuttX/nuttx/arch/arm/src/libarch.a(stm32_serial.o)
 .rodata.g_devops
                0x000000000800a308       0x1c NuttX/nuttx/arch/arm/src/libarch.a(stm32_otgdev.o)
 .rodata.g_epops
                0x000000000800a324       0x1c NuttX/nuttx/arch/arm/src/libarch.a(stm32_otgdev.o)
 .rodata.umm_initialize.str1.1
                0x000000000800a340        0x5 NuttX/nuttx/mm/libmm.a(umm_initialize.o)
 *fill*         0x000000000800a345        0x3 ffecc2925d7d05c5
 .rodata.g_baud_table
                0x000000000800a348       0xf8 NuttX/nuttx/libs/libc/libc.a(lib_cfspeed.o)
 .rodata.lib_vsprintf.str1.1
                0x000000000800a440        0x8 NuttX/nuttx/libs/libc/libc.a(lib_libvsprintf.o)
 .rodata.g_nullstring
                0x000000000800a448        0x7 NuttX/nuttx/libs/libc/libc.a(lib_libvsprintf.o)
 *fill*         0x000000000800a44f        0x1 ffecc2925d7d05c5
 .rodata.g_dtoa_round
                0x000000000800a450       0x80 NuttX/nuttx/libs/libc/libc.a(lib_dtoa_data.o)
                0x000000000800a450                g_dtoa_round
 .rodata.g_dtoa_scale_down
                0x000000000800a4d0       0x48 NuttX/nuttx/libs/libc/libc.a(lib_dtoa_data.o)
                0x000000000800a4d0                g_dtoa_scale_down
 .rodata.g_dtoa_scale_up
                0x000000000800a518       0x48 NuttX/nuttx/libs/libc/libc.a(lib_dtoa_data.o)
                0x000000000800a518                g_dtoa_scale_up
 .rodata.bl_proto_rev
                0x000000000800a560        0x4 platforms/nuttx/src/bootloader/common/libbootloader.a(bl.c.obj)
 .rodata.usb_cinit.str1.1
                0x000000000800a564        0x2 platforms/nuttx/src/bootloader/common/lib/libbootloader_lib.a(cdcacm.c.obj)
                                          0x3 (size before relaxing)
 .rodata.uart_cinit.str1.1
                0x000000000800a566        0xb platforms/nuttx/src/bootloader/common/lib/libbootloader_lib.a(uart.c.obj)
                                          0xe (size before relaxing)
 *fill*         0x000000000800a571        0x3 ffecc2925d7d05c5
 .rodata.g_serialops
                0x000000000800a574       0x20 NuttX/nuttx/drivers/libdrivers.a(serial.o)
 .rodata.cdcacm_initialize.str1.1
                0x000000000800a594        0xe NuttX/nuttx/drivers/libdrivers.a(cdcacm.o)
 *fill*         0x000000000800a5a2        0x2 ffecc2925d7d05c5
 .rodata.g_driverops
                0x000000000800a5a4       0x18 NuttX/nuttx/drivers/libdrivers.a(cdcacm.o)
 .rodata.g_uartops
                0x000000000800a5bc       0x34 NuttX/nuttx/drivers/libdrivers.a(cdcacm.o)
 .rodata.cdcacm_mkstrdesc.str1.1
                0x000000000800a5f0       0x14 NuttX/nuttx/drivers/libdrivers.a(cdcacm_desc.o)
                                         0x16 (size before relaxing)
 .rodata.g_devdesc
                0x000000000800a604       0x12 NuttX/nuttx/drivers/libdrivers.a(cdcacm_desc.o)
 .rodata.devnull_register.str1.1
                0x000000000800a616        0xa NuttX/nuttx/drivers/libdrivers.a(dev_null.o)
 .rodata.devnull_fops
                0x000000000800a620       0x20 NuttX/nuttx/drivers/libdrivers.a(dev_null.o)
 .rodata.g_default_channel_ops
                0x000000000800a640       0x14 NuttX/nuttx/drivers/libdrivers.a(syslog_channel.o)
 .rodata.inode_root_reserve.str1.1
                0x000000000800a654        0x1 NuttX/nuttx/fs/libfs.a(fs_inodereserve.o)
 .rodata.inode_search.str1.1
                0x000000000800a654        0x6 NuttX/nuttx/fs/libfs.a(fs_inodesearch.o)
                                          0x7 (size before relaxing)
 .rodata.inode_getpath.str1.1
                0x000000000800a65a        0x2 NuttX/nuttx/fs/libfs.a(fs_inodegetpath.o)
 .rodata.bootloader_main.str1.1
                0x000000000800a65c       0x1f platforms/nuttx/src/bootloader/stm/stm32h7/arch_bootloader/libarch_bootloader.a(main.c.obj)
 .rodata.str1.1
                0x000000000800a67b       0x1b platforms/nuttx/src/bootloader/stm/stm32h7/arch_bootloader/libarch_bootloader.a(main.c.obj)
 *fill*         0x000000000800a696        0x2 ffecc2925d7d05c5
 .rodata._ZL5modes
                0x000000000800a698       0x14 platforms/nuttx/src/px4/stm/stm32h7/board_reset/libarch_board_reset.a(board_reset.cpp.obj)
 *(.gnu.linkonce.t.*)
 *(.glue_7)
 .glue_7        0x000000000800a6ac        0x0 linker stubs
 *(.glue_7t)
 .glue_7t       0x000000000800a6ac        0x0 linker stubs
 *(.got)
 *(.gcc_except_table)
 *(.gnu.linkonce.r.*)
                0x000000000800a6ac                _etext = ABSOLUTE (.)

.vfp11_veneer   0x000000000800a6ac        0x0
 .vfp11_veneer  0x000000000800a6ac        0x0 linker stubs

.v4_bx          0x000000000800a6ac        0x0
 .v4_bx         0x000000000800a6ac        0x0 linker stubs

.iplt           0x000000000800a6ac        0x0
 .iplt          0x000000000800a6ac        0x0 NuttX/nuttx/arch/arm/src/libarch.a(arm_vectors.o)

.init_section   0x000000000800a6ac        0x0
                0x000000000800a6ac                _sinit = ABSOLUTE (.)
 *(.init_array .init_array.*)
                0x000000000800a6ac                _einit = ABSOLUTE (.)

.ARM.extab
 *(.ARM.extab*)
                0x000000000800a6ac                __exidx_start = ABSOLUTE (.)

.ARM.exidx      0x000000000800a6ac        0x8
 *(.ARM.exidx*)
 .ARM.exidx     0x000000000800a6ac        0x8 /opt/gcc/bin/../lib/gcc/arm-none-eabi/9.3.1/thumb/v7e-m+dp/hard/libgcc.a(_udivmoddi4.o)
                0x000000000800a6b4                __exidx_end = ABSOLUTE (.)
                0x000000000800a6b4                _eronly = ABSOLUTE (.)

.rel.dyn        0x000000000800a6b4        0x0
 .rel.iplt      0x000000000800a6b4        0x0 NuttX/nuttx/arch/arm/src/libarch.a(arm_vectors.o)

.data           0x0000000024000000       0xe0 load address 0x000000000800a6b4
                0x0000000024000000                _sdata = ABSOLUTE (.)
 *(.data .data.*)
 .data.g_usart3priv
                0x0000000024000000       0x78 NuttX/nuttx/arch/arm/src/libarch.a(stm32_serial.o)
 .data.g_usb_df
                0x0000000024000078        0x4 platforms/nuttx/src/bootloader/common/lib/libbootloader_lib.a(cdcacm.c.obj)
                0x0000000024000078                g_usb_df
 .data.g_uart_df
                0x000000002400007c        0x4 platforms/nuttx/src/bootloader/common/lib/libbootloader_lib.a(uart.c.obj)
                0x000000002400007c                g_uart_df
 .data.g_default_channel
                0x0000000024000080        0x4 NuttX/nuttx/drivers/libdrivers.a(syslog_channel.o)
 .data.g_syslog_channel
                0x0000000024000084        0x4 NuttX/nuttx/drivers/libdrivers.a(syslog_channel.o)
                0x0000000024000084                g_syslog_channel
 .data.g_syslog_default_sem
                0x0000000024000088        0x2 NuttX/nuttx/drivers/libdrivers.a(syslog_channel.o)
 .data.board_info
                0x000000002400008a       0x10 platforms/nuttx/src/bootloader/stm/stm32h7/arch_bootloader/libarch_bootloader.a(main.c.obj)
                0x000000002400008a                board_info
 *fill*         0x000000002400009a        0x2 
 .data.mcu_descriptions
                0x000000002400009c       0x18 platforms/nuttx/src/bootloader/stm/stm32h7/arch_bootloader/libarch_bootloader.a(main.c.obj)
                0x000000002400009c                mcu_descriptions
 .data.g_divisor
                0x00000000240000b4        0x4 platforms/nuttx/src/bootloader/stm/stm32h7/arch_bootloader/libarch_bootloader.a(systick.c.obj)
                0x00000000240000b4                g_divisor
 .data.stm32h7_flash_bank1_priv
                0x00000000240000b8       0x14 NuttX/nuttx/arch/arm/src/libarch.a(stm32_flash.o)
 .data.stm32h7_flash_bank2_priv
                0x00000000240000cc       0x14 NuttX/nuttx/arch/arm/src/libarch.a(stm32_flash.o)
 *(.gnu.linkonce.d.*)
                0x00000000240000e0                _edata = ABSOLUTE (.)

.igot.plt       0x00000000240000e0        0x0 load address 0x000000000800a794
 .igot.plt      0x00000000240000e0        0x0 NuttX/nuttx/arch/arm/src/libarch.a(arm_vectors.o)

.bss            0x00000000240000e0     0x141c load address 0x000000000800a794
                0x00000000240000e0                _sbss = ABSOLUTE (.)
 *(.bss .bss.*)
 .bss           0x00000000240000e0      0x200 NuttX/nuttx/arch/arm/src/libarch.a(arm_exception.o)
                0x00000000240000e0                g_intstackalloc
                0x00000000240002e0                g_intstacktop
 .bss.g_bkp_writable_counter
                0x00000000240002e0        0x2 NuttX/nuttx/arch/arm/src/libarch.a(stm32_pwr.o)
 *fill*         0x00000000240002e2        0x2 
 .bss.g_current_regs
                0x00000000240002e4        0x4 NuttX/nuttx/arch/arm/src/libarch.a(stm32_irq.o)
                0x00000000240002e4                g_current_regs
 .bss.g_idleargv
                0x00000000240002e8        0x8 NuttX/nuttx/sched/libsched.a(nx_start.o)
 .bss.g_idletcb
                0x00000000240002f0      0x168 NuttX/nuttx/sched/libsched.a(nx_start.o)
 .bss.g_inactivetasks
                0x0000000024000458        0x8 NuttX/nuttx/sched/libsched.a(nx_start.o)
                0x0000000024000458                g_inactivetasks
 .bss.g_lastpid
                0x0000000024000460        0x2 NuttX/nuttx/sched/libsched.a(nx_start.o)